Component: ARM Compiler 5.06 update 7 (build 960) Tool: armlink [4d3601]

==============================================================================

Section Cross References

    bsp_usermain.o(i.JumpToApp) refers to bsp_usermain.o(.data) for .data
    bsp_usermain.o(i.MainInit) refers to bsp_oled19264.o(i.OLED19264_INIT) for OLED19264_INIT
    bsp_usermain.o(i.MainInit) refers to bsp_oled19264.o(i.Clear_Screen) for Clear_Screen
    bsp_usermain.o(i.MainInit) refers to bsp_ncv7356.o(i.CAN_Config_Ready) for CAN_Config_Ready
    bsp_usermain.o(i.MainInit) refers to bsp_usermain.o(.bss) for .bss
    bsp_usermain.o(i.MainInit) refers to bsp_usermain.o(.data) for .data
    bsp_usermain.o(i.MainWork) refers to bsp_oled19264.o(i.Clear_Screen) for Clear_Screen
    bsp_usermain.o(i.MainWork) refers to bsp_oled19264.o(i.Display_String) for Display_String
    bsp_usermain.o(i.MainWork) refers to bsp_oled19264.o(i.display_graphic_128x64) for display_graphic_128x64
    bsp_usermain.o(i.MainWork) refers to stm32f4xx_hal.o(i.HAL_Delay) for HAL_Delay
    bsp_usermain.o(i.MainWork) refers to stm32f4xx_hal.o(i.HAL_GetTick) for HAL_GetTick
    bsp_usermain.o(i.MainWork) refers to bsp_usermain.o(i.TaskEndInit) for TaskEndInit
    bsp_usermain.o(i.MainWork) refers to bsp_usermain.o(i.JumpToApp) for JumpToApp
    bsp_usermain.o(i.MainWork) refers to bsp_oled19264.o(i.Display_Singal_Num) for Display_Singal_Num
    bsp_usermain.o(i.MainWork) refers to stm32f4xx_hal_flash.o(i.HAL_FLASH_Unlock) for HAL_FLASH_Unlock
    bsp_usermain.o(i.MainWork) refers to stm32f4xx_hal_flash.o(i.HAL_FLASH_Lock) for HAL_FLASH_Lock
    bsp_usermain.o(i.MainWork) refers to stm32f4xx_hal_flash_ex.o(i.HAL_FLASHEx_Erase) for HAL_FLASHEx_Erase
    bsp_usermain.o(i.MainWork) refers to stm32f4xx_hal_flash.o(i.HAL_FLASH_Program) for HAL_FLASH_Program
    bsp_usermain.o(i.MainWork) refers to bsp_usermain.o(.constdata) for .constdata
    bsp_usermain.o(i.MainWork) refers to bsp_usermain.o(.data) for .data
    bsp_usermain.o(i.MainWork) refers to bsp_ncv7356.o(.data) for pro_time
    bsp_usermain.o(i.MainWork) refers to bsp_usermain.o(.bss) for .bss
    bsp_usermain.o(i.MainWork) refers to bsp_usermain.o(i.STMFLASH_Read) for STMFLASH_Read
    bsp_usermain.o(i.TaskEndInit) refers to stm32f4xx_hal_can.o(i.HAL_CAN_DeactivateNotification) for HAL_CAN_DeactivateNotification
    bsp_usermain.o(i.TaskEndInit) refers to stm32f4xx_hal_can.o(i.HAL_CAN_Stop) for HAL_CAN_Stop
    bsp_usermain.o(i.TaskEndInit) refers to bsp_oled19264.o(i.OLED19264_INIT) for OLED19264_INIT
    bsp_usermain.o(i.TaskEndInit) refers to bsp_oled19264.o(i.Clear_Screen) for Clear_Screen
    bsp_usermain.o(i.TaskEndInit) refers to can.o(.bss) for hcan2
    stm32f4xx_hal_flash.o(i.FLASH_SetErrorCode) refers to stm32f4xx_hal_flash.o(.bss) for .bss
    stm32f4xx_hal_flash.o(i.FLASH_WaitForLastOperation) refers to stm32f4xx_hal.o(i.HAL_GetTick) for HAL_GetTick
    stm32f4xx_hal_flash.o(i.FLASH_WaitForLastOperation) refers to stm32f4xx_hal_flash.o(i.FLASH_SetErrorCode) for FLASH_SetErrorCode
    stm32f4xx_hal_flash.o(i.FLASH_WaitForLastOperation) refers to stm32f4xx_hal_flash.o(.bss) for .bss
    stm32f4xx_hal_flash.o(i.HAL_FLASH_GetError) refers to stm32f4xx_hal_flash.o(.bss) for .bss
    stm32f4xx_hal_flash.o(i.HAL_FLASH_IRQHandler) refers to stm32f4xx_hal_flash.o(i.FLASH_SetErrorCode) for FLASH_SetErrorCode
    stm32f4xx_hal_flash.o(i.HAL_FLASH_IRQHandler) refers to stm32f4xx_hal_flash.o(i.HAL_FLASH_OperationErrorCallback) for HAL_FLASH_OperationErrorCallback
    stm32f4xx_hal_flash.o(i.HAL_FLASH_IRQHandler) refers to stm32f4xx_hal_flash.o(i.HAL_FLASH_EndOfOperationCallback) for HAL_FLASH_EndOfOperationCallback
    stm32f4xx_hal_flash.o(i.HAL_FLASH_IRQHandler) refers to stm32f4xx_hal_flash_ex.o(i.FLASH_Erase_Sector) for FLASH_Erase_Sector
    stm32f4xx_hal_flash.o(i.HAL_FLASH_IRQHandler) refers to stm32f4xx_hal_flash_ex.o(i.FLASH_FlushCaches) for FLASH_FlushCaches
    stm32f4xx_hal_flash.o(i.HAL_FLASH_IRQHandler) refers to stm32f4xx_hal_flash.o(.bss) for .bss
    stm32f4xx_hal_flash.o(i.HAL_FLASH_OB_Launch) refers to stm32f4xx_hal_flash.o(i.FLASH_WaitForLastOperation) for FLASH_WaitForLastOperation
    stm32f4xx_hal_flash.o(i.HAL_FLASH_Program) refers to stm32f4xx_hal_flash.o(i.FLASH_WaitForLastOperation) for FLASH_WaitForLastOperation
    stm32f4xx_hal_flash.o(i.HAL_FLASH_Program) refers to stm32f4xx_hal_flash.o(i.FLASH_Program_DoubleWord) for FLASH_Program_DoubleWord
    stm32f4xx_hal_flash.o(i.HAL_FLASH_Program) refers to stm32f4xx_hal_flash.o(i.FLASH_Program_Byte) for FLASH_Program_Byte
    stm32f4xx_hal_flash.o(i.HAL_FLASH_Program) refers to stm32f4xx_hal_flash.o(i.FLASH_Program_HalfWord) for FLASH_Program_HalfWord
    stm32f4xx_hal_flash.o(i.HAL_FLASH_Program) refers to stm32f4xx_hal_flash.o(i.FLASH_Program_Word) for FLASH_Program_Word
    stm32f4xx_hal_flash.o(i.HAL_FLASH_Program) refers to stm32f4xx_hal_flash.o(.bss) for .bss
[...]
    stm32f4xx_hal.o(i.HAL_GetTickFreq) refers to stm32f4xx_hal.o(.data) for .data
    stm32f4xx_hal.o(i.HAL_GetTickPrio) refers to stm32f4xx_hal.o(.data) for .data
    stm32f4xx_hal.o(i.HAL_IncTick) refers to stm32f4xx_hal.o(.data) for .data
    stm32f4xx_hal.o(i.HAL_Init) refers to stm32f4xx_hal_cortex.o(i.HAL_NVIC_SetPriorityGrouping) for HAL_NVIC_SetPriorityGrouping
    stm32f4xx_hal.o(i.HAL_Init) refers to stm32f4xx_hal.o(i.HAL_InitTick) for HAL_InitTick
    stm32f4xx_hal.o(i.HAL_Init) refers to stm32f4xx_hal_msp.o(i.HAL_MspInit) for HAL_MspInit
    stm32f4xx_hal.o(i.HAL_InitTick) refers to stm32f4xx_hal_cortex.o(i.HAL_SYSTICK_Config) for HAL_SYSTICK_Config
    stm32f4xx_hal.o(i.HAL_InitTick) refers to stm32f4xx_hal_cortex.o(i.HAL_NVIC_SetPriority) for HAL_NVIC_SetPriority
    stm32f4xx_hal.o(i.HAL_InitTick) refers to stm32f4xx_hal.o(.data) for .data
    stm32f4xx_hal.o(i.HAL_InitTick) refers to system_stm32f4xx.o(.data) for SystemCoreClock
    stm32f4xx_hal.o(i.HAL_SetTickFreq) refers to stm32f4xx_hal.o(i.HAL_InitTick) for HAL_InitTick
    stm32f4xx_hal.o(i.HAL_SetTickFreq) refers to stm32f4xx_hal.o(.data) for .data
    system_stm32f4xx.o(i.SystemCoreClockUpdate) refers to system_stm32f4xx.o(.data) for .data
    system_stm32f4xx.o(i.SystemCoreClockUpdate) refers to system_stm32f4xx.o(.constdata) for .constdata
    entry.o(.ARM.Collect$$$$00000000) refers (Special) to entry10a.o(.ARM.Collect$$$$0000000F) for __rt_final_cpp
    entry.o(.ARM.Collect$$$$00000000) refers (Special) to entry11a.o(.ARM.Collect$$$$00000011) for __rt_final_exit
    entry.o(.ARM.Collect$$$$00000000) refers (Special) to entry12b.o(.ARM.Collect$$$$0000000E) for __rt_lib_shutdown_fini
    entry.o(.ARM.Collect$$$$00000000) refers (Special) to entry7b.o(.ARM.Collect$$$$00000008) for _main_clock
    entry.o(.ARM.Collect$$$$00000000) refers (Special) to entry8b.o(.ARM.Collect$$$$0000000A) for _main_cpp_init
    entry.o(.ARM.Collect$$$$00000000) refers (Special) to entry9a.o(.ARM.Collect$$$$0000000B) for _main_init
    entry.o(.ARM.Collect$$$$00000000) refers (Special) to entry5.o(.ARM.Collect$$$$00000004) for _main_scatterload
    entry.o(.ARM.Collect$$$$00000000) refers (Special) to entry2.o(.ARM.Collect$$$$00000001) for _main_stk
    uldiv.o(.text) refers to llushr.o(.text) for __aeabi_llsr
    uldiv.o(.text) refers to llshl.o(.text) for __aeabi_llsl
    entry2.o(.ARM.Collect$$$$00000001) refers to entry2.o(.ARM.Collect$$$$00002712) for __lit__00000000
    entry2.o(.ARM.Collect$$$$00002712) refers to startup_stm32f413xx.o(STACK) for __initial_sp
    entry2.o(__vectab_stack_and_reset_area) refers to startup_stm32f413xx.o(STACK) for __initial_sp
    entry2.o(__vectab_stack_and_reset_area) refers to entry.o(.ARM.Collect$$$$00000000) for __main
    entry5.o(.ARM.Collect$$$$00000004) refers to init.o(.text) for __scatterload
    entry9a.o(.ARM.Collect$$$$0000000B) refers to main.o(i.main) for main
    entry9b.o(.ARM.Collect$$$$0000000C) refers to main.o(i.main) for main
    init.o(.text) refers to entry5.o(.ARM.Collect$$$$00000004) for __main_after_scatterload


==============================================================================

Removing Unused input sections from the image.

    Removing bsp_usermain.o(.rev16_text), (4 bytes).
    Removing bsp_usermain.o(.revsh_text), (4 bytes).
    Removing bsp_usermain.o(.rrx_text), (6 bytes).
    Removing bsp_usermain.o(i.STMFLASH_ReadByte), (4 bytes).
    Removing stm32f4xx_hal_flash.o(.rev16_text), (4 bytes).
    Removing stm32f4xx_hal_flash.o(.revsh_text), (4 bytes).
    Removing stm32f4xx_hal_flash.o(.rrx_text), (6 bytes).
    Removing stm32f4xx_hal_flash.o(i.HAL_FLASH_EndOfOperationCallback), (2 bytes).
    Removing stm32f4xx_hal_flash.o(i.HAL_FLASH_GetError), (12 bytes).
    Removing stm32f4xx_hal_flash.o(i.HAL_FLASH_IRQHandler), (204 bytes).
    Removing stm32f4xx_hal_flash.o(i.HAL_FLASH_OB_Launch), (24 bytes).
    Removing stm32f4xx_hal_flash.o(i.HAL_FLASH_OB_Lock), (20 bytes).
    Removing stm32f4xx_hal_flash.o(i.HAL_FLASH_OB_Unlock), (40 bytes).
    Removing stm32f4xx_hal_flash.o(i.HAL_FLASH_OperationErrorCallback), (2 bytes).
    Removing stm32f4xx_hal_flash.o(i.HAL_FLASH_Program_IT), (108 bytes).
    Removing bsp_ncv7356.o(.rev16_text), (4 bytes).
    Removing bsp_ncv7356.o(.revsh_text), (4 bytes).
    Removing bsp_ncv7356.o(.rrx_text), (6 bytes).
    Removing bsp_ncv7356.o(i.CAN_Config_Trans), (128 bytes).
    Removing bsp_ncv7356.o(i.CANx_SendNormalData), (108 bytes).
    Removing bsp_ncv7356.o(.bss), (512 bytes).
    Removing bsp_ncv7356.o(.data), (8 bytes).
    Removing bsp_ncv7356.o(.data), (8 bytes).
    Removing bsp_oled19264.o(.rev16_text), (4 bytes).
    Removing bsp_oled19264.o(.revsh_text), (4 bytes).
    Removing bsp_oled19264.o(.rrx_text), (6 bytes).
    Removing bsp_oled19264.o(i.Clear_Block), (52 bytes).
    Removing bsp_oled19264.o(i.Display_Num), (74 bytes).
    Removing bsp_oled19264.o(i.full_display), (36 bytes).
    Removing bsp_system.o(.rev16_text), (4 bytes).
    Removing bsp_system.o(.revsh_text), (4 bytes).
    Removing bsp_system.o(.rrx_text), (6 bytes).
    Removing bsp_system.o(i.Delay_us), (26 bytes).
    Removing bsp_w25q128.o(.rev16_text), (4 bytes).
    Removing bsp_w25q128.o(.revsh_text), (4 bytes).
    Removing bsp_w25q128.o(.rrx_text), (6 bytes).
    Removing bsp_w25q128.o(i.SPI_Delay), (12 bytes).
    Removing bsp_w25q128.o(i.SPI_FLASH_BufferRead), (88 bytes).
    Removing bsp_w25q128.o(i.SPI_FLASH_BufferWrite), (188 bytes).
    Removing bsp_w25q128.o(i.SPI_FLASH_BulkErase), (48 bytes).
    Removing bsp_w25q128.o(i.SPI_FLASH_Init), (44 bytes).
    Removing bsp_w25q128.o(i.SPI_FLASH_PageWrite), (100 bytes).
    Removing bsp_w25q128.o(i.SPI_FLASH_ReadByte), (6 bytes).
    Removing bsp_w25q128.o(i.SPI_FLASH_ReadDeviceID), (64 bytes).
    Removing bsp_w25q128.o(i.SPI_FLASH_ReadID), (72 bytes).
    Removing bsp_w25q128.o(i.SPI_FLASH_SectorErase), (76 bytes).
    Removing bsp_w25q128.o(i.SPI_FLASH_StartReadSequence), (52 bytes).
    Removing bsp_w25q128.o(i.SPI_FLASH_WaitForWriteEnd), (60 bytes).
    Removing bsp_w25q128.o(i.SPI_FLASH_WriteEnable), (40 bytes).
    Removing bsp_w25q128.o(i.SPI_Flash_PowerDown), (40 bytes).
    Removing bsp_w25q128.o(i.SPI_Flash_WAKEUP), (40 bytes).
    Removing bsp_w25q128.o(i.W25Q128_SOFT_SPI_RW_MODE3), (116 bytes).
    Removing bsp_w25q128.o(.data), (4 bytes).
    Removing startup_stm32f413xx.o(HEAP), (512 bytes).
    Removing main.o(.rev16_text), (4 bytes).
    Removing main.o(.revsh_text), (4 bytes).
    Removing main.o(.rrx_text), (6 bytes).
    Removing gpio.o(.rev16_text), (4 bytes).
    Removing gpio.o(.revsh_text), (4 bytes).
    Removing gpio.o(.rrx_text), (6 bytes).
    Removing can.o(.rev16_text), (4 bytes).
    Removing can.o(.revsh_text), (4 bytes).
    Removing can.o(.rrx_text), (6 bytes).
    Removing can.o(i.HAL_CAN_MspDeInit), (124 bytes).
    Removing stm32f4xx_it.o(.rev16_text), (4 bytes).
    Removing stm32f4xx_it.o(.revsh_text), (4 bytes).
    Removing stm32f4xx_it.o(.rrx_text), (6 bytes).
    Removing stm32f4xx_hal_msp.o(.rev16_text), (4 bytes).
    Removing stm32f4xx_hal_msp.o(.revsh_text), (4 bytes).
    Removing stm32f4xx_hal_msp.o(.rrx_text), (6 bytes).
    Removing stm32f4xx_hal_can.o(.rev16_text), (4 bytes).
    Removing stm32f4xx_hal_can.o(.revsh_text), (4 bytes).
    Removing stm32f4xx_hal_can.o(.rrx_text), (6 bytes).
    Removing stm32f4xx_hal_can.o(i.HAL_CAN_AbortTxRequest), (70 bytes).
    Removing stm32f4xx_hal_can.o(i.HAL_CAN_AddTxMessage), (220 bytes).
    Removing stm32f4xx_hal_can.o(i.HAL_CAN_DeInit), (40 bytes).
    Removing stm32f4xx_hal_can.o(i.HAL_CAN_GetError), (4 bytes).
    Removing stm32f4xx_hal_can.o(i.HAL_CAN_GetRxFifoFillLevel), (34 bytes).
    Removing stm32f4xx_hal_can.o(i.HAL_CAN_GetState), (36 bytes).
    Removing stm32f4xx_hal_can.o(i.HAL_CAN_GetTxMailboxesFreeLevel), (44 bytes).
    Removing stm32f4xx_hal_can.o(i.HAL_CAN_GetTxTimestamp), (40 bytes).
    Removing stm32f4xx_hal_can.o(i.HAL_CAN_IsSleepActive), (28 bytes).
    Removing stm32f4xx_hal_can.o(i.HAL_CAN_IsTxMessagePending), (30 bytes).
    Removing stm32f4xx_hal_can.o(i.HAL_CAN_MspDeInit), (2 bytes).
    Removing stm32f4xx_hal_can.o(i.HAL_CAN_MspInit), (2 bytes).
    Removing stm32f4xx_hal_can.o(i.HAL_CAN_RequestSleep), (38 bytes).
    Removing stm32f4xx_hal_can.o(i.HAL_CAN_ResetError), (34 bytes).
    Removing stm32f4xx_hal_can.o(i.HAL_CAN_RxFifo0MsgPendingCallback), (2 bytes).
    Removing stm32f4xx_hal_can.o(i.HAL_CAN_RxFifo1MsgPendingCallback), (2 bytes).
    Removing stm32f4xx_hal_can.o(i.HAL_CAN_WakeUp), (76 bytes).
    Removing stm32f4xx_hal_rcc.o(.rev16_text), (4 bytes).
    Removing stm32f4xx_hal_rcc.o(.revsh_text), (4 bytes).
    Removing stm32f4xx_hal_rcc.o(.rrx_text), (6 bytes).
    Removing stm32f4xx_hal_rcc.o(i.HAL_RCC_CSSCallback), (2 bytes).
    Removing stm32f4xx_hal_rcc.o(i.HAL_RCC_DeInit), (4 bytes).
    Removing stm32f4xx_hal_rcc.o(i.HAL_RCC_DisableCSS), (12 bytes).
    Removing stm32f4xx_hal_rcc.o(i.HAL_RCC_EnableCSS), (12 bytes).
    Removing stm32f4xx_hal_rcc.o(i.HAL_RCC_GetClockConfig), (64 bytes).
    Removing stm32f4xx_hal_rcc.o(i.HAL_RCC_GetHCLKFreq), (12 bytes).
    Removing stm32f4xx_hal_rcc.o(i.HAL_RCC_GetOscConfig), (180 bytes).
    Removing stm32f4xx_hal_rcc.o(i.HAL_RCC_GetPCLK1Freq), (32 bytes).
    Removing stm32f4xx_hal_rcc.o(i.HAL_RCC_GetPCLK2Freq), (32 bytes).
    Removing stm32f4xx_hal_rcc.o(i.HAL_RCC_MCOConfig), (140 bytes).
    Removing stm32f4xx_hal_rcc.o(i.HAL_RCC_NMI_IRQHandler), (28 bytes).
    Removing stm32f4xx_hal_rcc.o(i.HAL_RCC_OscConfig), (892 bytes).
    Removing stm32f4xx_hal_rcc_ex.o(.rev16_text), (4 bytes).
    Removing stm32f4xx_hal_rcc_ex.o(.revsh_text), (4 bytes).
    Removing stm32f4xx_hal_rcc_ex.o(.rrx_text), (6 bytes).
    Removing stm32f4xx_hal_rcc_ex.o(i.HAL_RCCEx_DisablePLLI2S), (52 bytes).
    Removing stm32f4xx_hal_rcc_ex.o(i.HAL_RCCEx_EnablePLLI2S), (116 bytes).
    Removing stm32f4xx_hal_rcc_ex.o(i.HAL_RCCEx_GetPeriphCLKConfig), (208 bytes).
    Removing stm32f4xx_hal_rcc_ex.o(i.HAL_RCCEx_GetPeriphCLKFreq), (216 bytes).
    Removing stm32f4xx_hal_rcc_ex.o(i.HAL_RCCEx_PeriphCLKConfig), (824 bytes).
    Removing stm32f4xx_hal_rcc_ex.o(i.HAL_RCCEx_SelectLSEMode), (28 bytes).
    Removing stm32f4xx_hal_rcc_ex.o(i.HAL_RCC_DeInit), (304 bytes).
    Removing stm32f4xx_hal_rcc_ex.o(i.HAL_RCC_GetOscConfig), (188 bytes).
    Removing stm32f4xx_hal_flash_ex.o(.rev16_text), (4 bytes).
    Removing stm32f4xx_hal_flash_ex.o(.revsh_text), (4 bytes).
    Removing stm32f4xx_hal_flash_ex.o(.rrx_text), (6 bytes).
    Removing stm32f4xx_hal_flash_ex.o(i.HAL_FLASHEx_AdvOBGetConfig), (12 bytes).
    Removing stm32f4xx_hal_flash_ex.o(i.HAL_FLASHEx_AdvOBProgram), (60 bytes).
    Removing stm32f4xx_hal_flash_ex.o(i.HAL_FLASHEx_Erase_IT), (104 bytes).
    Removing stm32f4xx_hal_flash_ex.o(i.HAL_FLASHEx_OBGetConfig), (64 bytes).
    Removing stm32f4xx_hal_flash_ex.o(i.HAL_FLASHEx_OBProgram), (204 bytes).
    Removing stm32f4xx_hal_flash_ex.o(i.HAL_FLASHEx_OB_DeSelectPCROP), (20 bytes).
    Removing stm32f4xx_hal_flash_ex.o(i.HAL_FLASHEx_OB_SelectPCROP), (24 bytes).
    Removing stm32f4xx_hal_flash_ramfunc.o(.rev16_text), (4 bytes).
    Removing stm32f4xx_hal_flash_ramfunc.o(.revsh_text), (4 bytes).
    Removing stm32f4xx_hal_flash_ramfunc.o(.rrx_text), (6 bytes).
    Removing stm32f4xx_hal_gpio.o(.rev16_text), (4 bytes).
    Removing stm32f4xx_hal_gpio.o(.revsh_text), (4 bytes).
    Removing stm32f4xx_hal_gpio.o(.rrx_text), (6 bytes).
    Removing stm32f4xx_hal_gpio.o(i.HAL_GPIO_DeInit), (340 bytes).
    Removing stm32f4xx_hal_gpio.o(i.HAL_GPIO_LockPin), (34 bytes).
    Removing stm32f4xx_hal_gpio.o(i.HAL_GPIO_ReadPin), (10 bytes).
    Removing stm32f4xx_hal_gpio.o(i.HAL_GPIO_TogglePin), (16 bytes).
    Removing stm32f4xx_hal_dma_ex.o(.rev16_text), (4 bytes).
    Removing stm32f4xx_hal_dma_ex.o(.revsh_text), (4 bytes).
    Removing stm32f4xx_hal_dma_ex.o(.rrx_text), (6 bytes).
    Removing stm32f4xx_hal_dma_ex.o(i.DMA_MultiBufferSetConfig), (30 bytes).
    Removing stm32f4xx_hal_dma_ex.o(i.HAL_DMAEx_ChangeMemory), (14 bytes).
    Removing stm32f4xx_hal_dma_ex.o(i.HAL_DMAEx_MultiBufferStart), (100 bytes).
    Removing stm32f4xx_hal_dma_ex.o(i.HAL_DMAEx_MultiBufferStart_IT), (2432 bytes).
    Removing stm32f4xx_hal_dma.o(.rev16_text), (4 bytes).
    Removing stm32f4xx_hal_dma.o(.revsh_text), (4 bytes).
    Removing stm32f4xx_hal_dma.o(.rrx_text), (6 bytes).
    Removing stm32f4xx_hal_dma.o(i.DMA_CalcBaseAndBitshift), (40 bytes).
    Removing stm32f4xx_hal_dma.o(i.DMA_CheckFifoParam), (84 bytes).
    Removing stm32f4xx_hal_dma.o(i.DMA_SetConfig), (40 bytes).
    Removing stm32f4xx_hal_dma.o(i.HAL_DMA_Abort), (146 bytes).
    Removing stm32f4xx_hal_dma.o(i.HAL_DMA_Abort_IT), (36 bytes).
    Removing stm32f4xx_hal_dma.o(i.HAL_DMA_DeInit), (98 bytes).
    Removing stm32f4xx_hal_dma.o(i.HAL_DMA_GetError), (4 bytes).
    Removing stm32f4xx_hal_dma.o(i.HAL_DMA_GetState), (6 bytes).
    Removing stm32f4xx_hal_dma.o(i.HAL_DMA_IRQHandler), (416 bytes).
    Removing stm32f4xx_hal_dma.o(i.HAL_DMA_Init), (212 bytes).
    Removing stm32f4xx_hal_dma.o(i.HAL_DMA_PollForTransfer), (288 bytes).
    Removing stm32f4xx_hal_dma.o(i.HAL_DMA_RegisterCallback), (80 bytes).
    Removing stm32f4xx_hal_dma.o(i.HAL_DMA_Start), (70 bytes).
    Removing stm32f4xx_hal_dma.o(i.HAL_DMA_Start_IT), (110 bytes).
    Removing stm32f4xx_hal_dma.o(i.HAL_DMA_UnRegisterCallback), (96 bytes).
    Removing stm32f4xx_hal_dma.o(.constdata), (8 bytes).
    Removing stm32f4xx_hal_pwr.o(.rev16_text), (4 bytes).
    Removing stm32f4xx_hal_pwr.o(.revsh_text), (4 bytes).
    Removing stm32f4xx_hal_pwr.o(.rrx_text), (6 bytes).
    Removing stm32f4xx_hal_pwr.o(i.HAL_PWR_ConfigPVD), (124 bytes).
    Removing stm32f4xx_hal_pwr.o(i.HAL_PWR_DeInit), (24 bytes).
    Removing stm32f4xx_hal_pwr.o(i.HAL_PWR_DisableBkUpAccess), (24 bytes).
    Removing stm32f4xx_hal_pwr.o(i.HAL_PWR_DisablePVD), (12 bytes).
    Removing stm32f4xx_hal_pwr.o(i.HAL_PWR_DisableSEVOnPend), (16 bytes).
    Removing stm32f4xx_hal_pwr.o(i.HAL_PWR_DisableSleepOnExit), (16 bytes).
    Removing stm32f4xx_hal_pwr.o(i.HAL_PWR_DisableWakeUpPin), (16 bytes).
    Removing stm32f4xx_hal_pwr.o(i.HAL_PWR_EnableBkUpAccess), (24 bytes).
    Removing stm32f4xx_hal_pwr.o(i.HAL_PWR_EnablePVD), (12 bytes).
    Removing stm32f4xx_hal_pwr.o(i.HAL_PWR_EnableSEVOnPend), (16 bytes).
    Removing stm32f4xx_hal_pwr.o(i.HAL_PWR_EnableSleepOnExit), (16 bytes).
    Removing stm32f4xx_hal_pwr.o(i.HAL_PWR_EnableWakeUpPin), (16 bytes).
    Removing stm32f4xx_hal_pwr.o(i.HAL_PWR_EnterSLEEPMode), (32 bytes).
    Removing stm32f4xx_hal_pwr.o(i.HAL_PWR_EnterSTANDBYMode), (32 bytes).
    Removing stm32f4xx_hal_pwr.o(i.HAL_PWR_EnterSTOPMode), (56 bytes).
    Removing stm32f4xx_hal_pwr.o(i.HAL_PWR_PVDCallback), (2 bytes).
    Removing stm32f4xx_hal_pwr.o(i.HAL_PWR_PVD_IRQHandler), (28 bytes).
    Removing stm32f4xx_hal_pwr_ex.o(.rev16_text), (4 bytes).
    Removing stm32f4xx_hal_pwr_ex.o(.revsh_text), (4 bytes).
    Removing stm32f4xx_hal_pwr_ex.o(.rrx_text), (6 bytes).
    Removing stm32f4xx_hal_pwr_ex.o(i.HAL_PWREx_ControlVoltageScaling), (176 bytes).
    Removing stm32f4xx_hal_pwr_ex.o(i.HAL_PWREx_DisableBkUpReg), (60 bytes).
    Removing stm32f4xx_hal_pwr_ex.o(i.HAL_PWREx_DisableFlashPowerDown), (12 bytes).
    Removing stm32f4xx_hal_pwr_ex.o(i.HAL_PWREx_DisableLowRegulatorLowVoltage), (12 bytes).
    Removing stm32f4xx_hal_pwr_ex.o(i.HAL_PWREx_DisableMainRegulatorLowVoltage), (12 bytes).
    Removing stm32f4xx_hal_pwr_ex.o(i.HAL_PWREx_EnableBkUpReg), (60 bytes).
    Removing stm32f4xx_hal_pwr_ex.o(i.HAL_PWREx_EnableFlashPowerDown), (12 bytes).
    Removing stm32f4xx_hal_pwr_ex.o(i.HAL_PWREx_EnableLowRegulatorLowVoltage), (12 bytes).
    Removing stm32f4xx_hal_pwr_ex.o(i.HAL_PWREx_EnableMainRegulatorLowVoltage), (12 bytes).
    Removing stm32f4xx_hal_pwr_ex.o(i.HAL_PWREx_GetVoltageRange), (16 bytes).
    Removing stm32f4xx_hal_cortex.o(.rev16_text), (4 bytes).
    Removing stm32f4xx_hal_cortex.o(.revsh_text), (4 bytes).
    Removing stm32f4xx_hal_cortex.o(.rrx_text), (6 bytes).
    Removing stm32f4xx_hal_cortex.o(i.HAL_MPU_ConfigRegion), (84 bytes).
    Removing stm32f4xx_hal_cortex.o(i.HAL_MPU_Disable), (28 bytes).
    Removing stm32f4xx_hal_cortex.o(i.HAL_MPU_Enable), (36 bytes).
    Removing stm32f4xx_hal_cortex.o(i.HAL_NVIC_ClearPendingIRQ), (26 bytes).
    Removing stm32f4xx_hal_cortex.o(i.HAL_NVIC_DisableIRQ), (34 bytes).
    Removing stm32f4xx_hal_cortex.o(i.HAL_NVIC_GetActive), (36 bytes).
    Removing stm32f4xx_hal_cortex.o(i.HAL_NVIC_GetPendingIRQ), (36 bytes).
    Removing stm32f4xx_hal_cortex.o(i.HAL_NVIC_GetPriority), (82 bytes).
    Removing stm32f4xx_hal_cortex.o(i.HAL_NVIC_GetPriorityGrouping), (16 bytes).
    Removing stm32f4xx_hal_cortex.o(i.HAL_NVIC_SetPendingIRQ), (26 bytes).
    Removing stm32f4xx_hal_cortex.o(i.HAL_NVIC_SystemReset), (36 bytes).
    Removing stm32f4xx_hal_cortex.o(i.HAL_SYSTICK_CLKSourceConfig), (24 bytes).
    Removing stm32f4xx_hal_cortex.o(i.HAL_SYSTICK_Callback), (2 bytes).
    Removing stm32f4xx_hal_cortex.o(i.HAL_SYSTICK_IRQHandler), (8 bytes).
    Removing stm32f4xx_hal.o(.rev16_text), (4 bytes).
    Removing stm32f4xx_hal.o(.revsh_text), (4 bytes).
    Removing stm32f4xx_hal.o(.rrx_text), (6 bytes).
    Removing stm32f4xx_hal.o(i.HAL_DBGMCU_DisableDBGSleepMode), (16 bytes).
    Removing stm32f4xx_hal.o(i.HAL_DBGMCU_DisableDBGStandbyMode), (16 bytes).
    Removing stm32f4xx_hal.o(i.HAL_DBGMCU_DisableDBGStopMode), (16 bytes).
    Removing stm32f4xx_hal.o(i.HAL_DBGMCU_EnableDBGSleepMode), (16 bytes).
    Removing stm32f4xx_hal.o(i.HAL_DBGMCU_EnableDBGStandbyMode), (16 bytes).
    Removing stm32f4xx_hal.o(i.HAL_DBGMCU_EnableDBGStopMode), (16 bytes).
    Removing stm32f4xx_hal.o(i.HAL_DeInit), (52 bytes).
    Removing stm32f4xx_hal.o(i.HAL_DisableCompensationCell), (12 bytes).
    Removing stm32f4xx_hal.o(i.HAL_EnableCompensationCell), (12 bytes).
    Removing stm32f4xx_hal.o(i.HAL_GetDEVID), (16 bytes).
    Removing stm32f4xx_hal.o(i.HAL_GetHalVersion), (8 bytes).
    Removing stm32f4xx_hal.o(i.HAL_GetREVID), (12 bytes).
    Removing stm32f4xx_hal.o(i.HAL_GetTickFreq), (12 bytes).
    Removing stm32f4xx_hal.o(i.HAL_GetTickPrio), (12 bytes).
    Removing stm32f4xx_hal.o(i.HAL_GetUIDw0), (12 bytes).
    Removing stm32f4xx_hal.o(i.HAL_GetUIDw1), (12 bytes).
    Removing stm32f4xx_hal.o(i.HAL_GetUIDw2), (12 bytes).
    Removing stm32f4xx_hal.o(i.HAL_MspDeInit), (2 bytes).
    Removing stm32f4xx_hal.o(i.HAL_MspInit), (2 bytes).
    Removing stm32f4xx_hal.o(i.HAL_ResumeTick), (14 bytes).
    Removing stm32f4xx_hal.o(i.HAL_SetTickFreq), (36 bytes).
    Removing stm32f4xx_hal.o(i.HAL_SuspendTick), (14 bytes).
    Removing stm32f4xx_hal_exti.o(.rev16_text), (4 bytes).
    Removing stm32f4xx_hal_exti.o(.revsh_text), (4 bytes).
    Removing stm32f4xx_hal_exti.o(.rrx_text), (6 bytes).
    Removing stm32f4xx_hal_exti.o(i.HAL_EXTI_ClearConfigLine), (108 bytes).
    Removing stm32f4xx_hal_exti.o(i.HAL_EXTI_ClearPending), (20 bytes).
    Removing stm32f4xx_hal_exti.o(i.HAL_EXTI_GenerateSWI), (20 bytes).
    Removing stm32f4xx_hal_exti.o(i.HAL_EXTI_GetConfigLine), (148 bytes).
    Removing stm32f4xx_hal_exti.o(i.HAL_EXTI_GetHandle), (12 bytes).
    Removing stm32f4xx_hal_exti.o(i.HAL_EXTI_GetPending), (24 bytes).
    Removing stm32f4xx_hal_exti.o(i.HAL_EXTI_IRQHandler), (36 bytes).
    Removing stm32f4xx_hal_exti.o(i.HAL_EXTI_RegisterCallback), (14 bytes).
    Removing stm32f4xx_hal_exti.o(i.HAL_EXTI_SetConfigLine), (168 bytes).
    Removing stm32f4xx_hal_tim.o(.rev16_text), (4 bytes).
    Removing stm32f4xx_hal_tim.o(.revsh_text), (4 bytes).
    Removing stm32f4xx_hal_tim.o(.rrx_text), (6 bytes).
    Removing stm32f4xx_hal_tim_ex.o(.rev16_text), (4 bytes).
    Removing stm32f4xx_hal_tim_ex.o(.revsh_text), (4 bytes).
    Removing stm32f4xx_hal_tim_ex.o(.rrx_text), (6 bytes).
    Removing system_stm32f4xx.o(.rev16_text), (4 bytes).
    Removing system_stm32f4xx.o(.revsh_text), (4 bytes).
    Removing system_stm32f4xx.o(.rrx_text), (6 bytes).
    Removing system_stm32f4xx.o(i.SystemCoreClockUpdate), (120 bytes).
    Removing system_stm32f4xx.o(.constdata), (8 bytes).

260 unused section(s) (total 15016 bytes) removed from the image.

==============================================================================

Image Symbol Table

    Local Symbols

    Symbol Name                              Value     Ov Type        Size  Object(Section)

    ../Core/Src/can.c                        0x00000000   Number         0  can.o ABSOLUTE
    ../Core/Src/gpio.c                       0x00000000   Number         0  gpio.o ABSOLUTE
    ../Core/Src/main.c                       0x00000000   Number         0  main.o ABSOLUTE
    ../Core/Src/stm32f4xx_hal_msp.c          0x00000000   Number         0  stm32f4xx_hal_msp.o ABSOLUTE
    ../Core/Src/stm32f4xx_it.c               0x00000000   Number         0  stm32f4xx_it.o ABSOLUTE
    ../Core/Src/system_stm32f4xx.c           0x00000000   Number         0  system_stm32f4xx.o ABSOLUTE
    ../Drivers/STM32F4xx_HAL_Driver/Src/stm32f4xx_hal.c 0x00000000   Number         0  stm32f4xx_hal.o ABSOLUTE
    ../Drivers/STM32F4xx_HAL_Driver/Src/stm32f4xx_hal_can.c 0x00000000   Number         0  stm32f4xx_hal_can.o ABSOLUTE
    ../Drivers/STM32F4xx_HAL_Driver/Src/stm32f4xx_hal_cortex.c 0x00000000   Number         0  stm32f4xx_hal_cortex.o ABSOLUTE
    ../Drivers/STM32F4xx_HAL_Driver/Src/stm32f4xx_hal_dma.c 0x00000000   Number         0  stm32f4xx_hal_dma.o ABSOLUTE
    ../Drivers/STM32F4xx_HAL_Driver/Src/stm32f4xx_hal_dma_ex.c 0x00000000   Number         0  stm32f4xx_hal_dma_ex.o ABSOLUTE
    ../Drivers/STM32F4xx_HAL_Driver/Src/stm32f4xx_hal_exti.c 0x00000000   Number         0  stm32f4xx_hal_exti.o ABSOLUTE
    ../Drivers/STM32F4xx_HAL_Driver/Src/stm32f4xx_hal_flash.c 0x00000000   Number         0  stm32f4xx_hal_flash.o ABSOLUTE
    ../Drivers/STM32F4xx_HAL_Driver/Src/stm32f4xx_hal_flash_ex.c 0x00000000   Number         0  stm32f4xx_hal_flash_ex.o ABSOLUTE
    ../Drivers/STM32F4xx_HAL_Driver/Src/stm32f4xx_hal_flash_ramfunc.c 0x00000000   Number         0  stm32f4xx_hal_flash_ramfunc.o ABSOLUTE
    ../Drivers/STM32F4xx_HAL_Driver/Src/stm32f4xx_hal_gpio.c 0x00000000   Number         0  stm32f4xx_hal_gpio.o ABSOLUTE
    ../Drivers/STM32F4xx_HAL_Driver/Src/stm32f4xx_hal_pwr.c 0x00000000   Number         0  stm32f4xx_hal_pwr.o ABSOLUTE
    ../Drivers/STM32F4xx_HAL_Driver/Src/stm32f4xx_hal_pwr_ex.c 0x00000000   Number         0  stm32f4xx_hal_pwr_ex.o ABSOLUTE
    ../Drivers/STM32F4xx_HAL_Driver/Src/stm32f4xx_hal_rcc.c 0x00000000   Number         0  stm32f4xx_hal_rcc.o ABSOLUTE
    ../Drivers/STM32F4xx_HAL_Driver/Src/stm32f4xx_hal_rcc_ex.c 0x00000000   Number         0  stm32f4xx_hal_rcc_ex.o ABSOLUTE
    ../Drivers/STM32F4xx_HAL_Driver/Src/stm32f4xx_hal_tim.c 0x00000000   Number         0  stm32f4xx_hal_tim.o ABSOLUTE
    ../Drivers/STM32F4xx_HAL_Driver/Src/stm32f4xx_hal_tim_ex.c 0x00000000   Number         0  stm32f4xx_hal_tim_ex.o ABSOLUTE
    ../clib/../cmprslib/zerorunl2.c          0x00000000   Number         0  __dczerorl2.o ABSOLUTE
    ../clib/microlib/division.c              0x00000000   Number         0  uldiv.o ABSOLUTE
    ../clib/microlib/init/entry.s            0x00000000   Number         0  entry7a.o ABSOLUTE
    ../clib/microlib/init/entry.s            0x00000000   Number         0  entry12b.o ABSOLUTE
    ../clib/microlib/init/entry.s            0x00000000   Number         0  entry11b.o ABSOLUTE
    ../clib/microlib/init/entry.s            0x00000000   Number         0  entry2.o ABSOLUTE
    ../clib/microlib/init/entry.s            0x00000000   Number         0  entry11a.o ABSOLUTE
    ../clib/microlib/init/entry.s            0x00000000   Number         0  entry10b.o ABSOLUTE
    ../clib/microlib/init/entry.s            0x00000000   Number         0  entry.o ABSOLUTE
    ../clib/microlib/init/entry.s            0x00000000   Number         0  entry10a.o ABSOLUTE
    ../clib/microlib/init/entry.s            0x00000000   Number         0  entry9b.o ABSOLUTE
    ../clib/microlib/init/entry.s            0x00000000   Number         0  entry7b.o ABSOLUTE
    ../clib/microlib/init/entry.s            0x00000000   Number         0  entry9a.o ABSOLUTE
    ../clib/microlib/init/entry.s            0x00000000   Number         0  entry5.o ABSOLUTE
    ../clib/microlib/init/entry.s            0x00000000   Number         0  entry8b.o ABSOLUTE
    ../clib/microlib/init/entry.s            0x00000000   Number         0  entry8a.o ABSOLUTE
    ../clib/microlib/init/entry.s            0x00000000   Number         0  entry12a.o ABSOLUTE
    ../clib/microlib/longlong.c              0x00000000   Number         0  llshl.o ABSOLUTE
    ../clib/microlib/longlong.c              0x00000000   Number         0  llushr.o ABSOLUTE
    ../clib/microlib/string/memset.c         0x00000000   Number         0  memseta.o ABSOLUTE
    ..\Core\Src\can.c                        0x00000000   Number         0  can.o ABSOLUTE
    ..\Core\Src\gpio.c                       0x00000000   Number         0  gpio.o ABSOLUTE
    ..\Core\Src\main.c                       0x00000000   Number         0  main.o ABSOLUTE
    ..\Core\Src\stm32f4xx_hal_msp.c          0x00000000   Number         0  stm32f4xx_hal_msp.o ABSOLUTE
    ..\Core\Src\stm32f4xx_it.c               0x00000000   Number         0  stm32f4xx_it.o ABSOLUTE
    ..\Core\Src\system_stm32f4xx.c           0x00000000   Number         0  system_stm32f4xx.o ABSOLUTE
    ..\Drivers\STM32F4xx_HAL_Driver\Src\stm32f4xx_hal.c 0x00000000   Number         0  stm32f4xx_hal.o ABSOLUTE
    ..\Drivers\STM32F4xx_HAL_Driver\Src\stm32f4xx_hal_can.c 0x00000000   Number         0  stm32f4xx_hal_can.o ABSOLUTE
    ..\Drivers\STM32F4xx_HAL_Driver\Src\stm32f4xx_hal_cortex.c 0x00000000   Number         0  stm32f4xx_hal_cortex.o ABSOLUTE
    ..\Drivers\STM32F4xx_HAL_Driver\Src\stm32f4xx_hal_dma.c 0x00000000   Number         0  stm32f4xx_hal_dma.o ABSOLUTE
    ..\Drivers\STM32F4xx_HAL_Driver\Src\stm32f4xx_hal_dma_ex.c 0x00000000   Number         0  stm32f4xx_hal_dma_ex.o ABSOLUTE
    ..\Drivers\STM32F4xx_HAL_Driver\Src\stm32f4xx_hal_exti.c 0x00000000   Number         0  stm32f4xx_hal_exti.o ABSOLUTE
    ..\Drivers\STM32F4xx_HAL_Driver\Src\stm32f4xx_hal_flash.c 0x00000000   Number         0  stm32f4xx_hal_flash.o ABSOLUTE
    ..\Drivers\STM32F4xx_HAL_Driver\Src\stm32f4xx_hal_flash_ex.c 0x00000000   Number         0  stm32f4xx_hal_flash_ex.o ABSOLUTE
    ..\Drivers\STM32F4xx_HAL_Driver\Src\stm32f4xx_hal_flash_ramfunc.c 0x00000000   Number         0  stm32f4xx_hal_flash_ramfunc.o ABSOLUTE
    ..\Drivers\STM32F4xx_HAL_Driver\Src\stm32f4xx_hal_gpio.c 0x00000000   Number         0  stm32f4xx_hal_gpio.o ABSOLUTE
    ..\Drivers\STM32F4xx_HAL_Driver\Src\stm32f4xx_hal_pwr.c 0x00000000   Number         0  stm32f4xx_hal_pwr.o ABSOLUTE
    ..\Drivers\STM32F4xx_HAL_Driver\Src\stm32f4xx_hal_pwr_ex.c 0x00000000   Number         0  stm32f4xx_hal_pwr_ex.o ABSOLUTE
    ..\Drivers\STM32F4xx_HAL_Driver\Src\stm32f4xx_hal_rcc.c 0x00000000   Number         0  stm32f4xx_hal_rcc.o ABSOLUTE
    ..\Drivers\STM32F4xx_HAL_Driver\Src\stm32f4xx_hal_rcc_ex.c 0x00000000   Number         0  stm32f4xx_hal_rcc_ex.o ABSOLUTE
    ..\Drivers\STM32F4xx_HAL_Driver\Src\stm32f4xx_hal_tim.c 0x00000000   Number         0  stm32f4xx_hal_tim.o ABSOLUTE
    ..\Drivers\STM32F4xx_HAL_Driver\Src\stm32f4xx_hal_tim_ex.c 0x00000000   Number         0  stm32f4xx_hal_tim_ex.o ABSOLUTE
    ..\HardWare\bsp_ncv7356.c                0x00000000   Number         0  bsp_ncv7356.o ABSOLUTE
    ..\HardWare\bsp_oled19264.c              0x00000000   Number         0  bsp_oled19264.o ABSOLUTE
    ..\HardWare\bsp_system.c                 0x00000000   Number         0  bsp_system.o ABSOLUTE
    ..\HardWare\bsp_usermain.c               0x00000000   Number         0  bsp_usermain.o ABSOLUTE
    ..\HardWare\bsp_w25q128.c                0x00000000   Number         0  bsp_w25q128.o ABSOLUTE
    ..\\HardWare\\bsp_ncv7356.c              0x00000000   Number         0  bsp_ncv7356.o ABSOLUTE
    ..\\HardWare\\bsp_oled19264.c            0x00000000   Number         0  bsp_oled19264.o ABSOLUTE
    ..\\HardWare\\bsp_system.c               0x00000000   Number         0  bsp_system.o ABSOLUTE
    ..\\HardWare\\bsp_usermain.c             0x00000000   Number         0  bsp_usermain.o ABSOLUTE
    ..\\HardWare\\bsp_w25q128.c              0x00000000   Number         0  bsp_w25q128.o ABSOLUTE
    dc.s                                     0x00000000   Number         0  dc.o ABSOLUTE
    handlers.s                               0x00000000   Number         0  handlers.o ABSOLUTE
    init.s                                   0x00000000   Number         0  init.o ABSOLUTE
    startup_stm32f413xx.s                    0x00000000   Number         0  startup_stm32f413xx.o ABSOLUTE
    RESET                                    0x08000000   Section      472  startup_stm32f413xx.o(RESET)
    .ARM.Collect$$$$00000000                 0x080001d8   Section        0  entry.o(.ARM.Collect$$$$00000000)
    .ARM.Collect$$$$00000001                 0x080001d8   Section        4  entry2.o(.ARM.Collect$$$$00000001)
    .ARM.Collect$$$$00000004                 0x080001dc   Section        4  entry5.o(.ARM.Collect$$$$00000004)
    .ARM.Collect$$$$00000008                 0x080001e0   Section        0  entry7b.o(.ARM.Collect$$$$00000008)
    .ARM.Collect$$$$0000000A                 0x080001e0   Section        0  entry8b.o(.ARM.Collect$$$$0000000A)
    .ARM.Collect$$$$0000000B                 0x080001e0   Section        8  entry9a.o(.ARM.Collect$$$$0000000B)
    .ARM.Collect$$$$0000000E                 0x080001e8   Section        4  entry12b.o(.ARM.Collect$$$$0000000E)
    .ARM.Collect$$$$0000000F                 0x080001ec   Section        0  entry10a.o(.ARM.Collect$$$$0000000F)
    .ARM.Collect$$$$00000011                 0x080001ec   Section        0  entry11a.o(.ARM.Collect$$$$00000011)
    .ARM.Collect$$$$00002712                 0x080001ec   Section        4  entry2.o(.ARM.Collect$$$$00002712)
    __lit__00000000                          0x080001ec   Data           4  entry2.o(.ARM.Collect$$$$00002712)
    .text                                    0x080001f0   Section       36  startup_stm32f413xx.o(.text)
    $v0                                      0x080001f0   Number         0  startup_stm32f413xx.o(.text)
    .text                                    0x08000214   Section        0  uldiv.o(.text)
    .text                                    0x08000276   Section        0  memseta.o(.text)
    .text                                    0x0800029a   Section        0  llshl.o(.text)
    .text                                    0x080002b8   Section        0  llushr.o(.text)
    .text                                    0x080002d8   Section       36  init.o(.text)
    .text                                    0x080002fc   Section        0  __dczerorl2.o(.text)
    i.BusFault_Handler                       0x08000352   Section        0  stm32f4xx_it.o(i.BusFault_Handler)
    i.CAN1_RX0_IRQHandler                    0x08000354   Section        0  stm32f4xx_it.o(i.CAN1_RX0_IRQHandler)
    i.CAN2_RX1_IRQHandler                    0x08000360   Section        0  stm32f4xx_it.o(i.CAN2_RX1_IRQHandler)
    i.CAN3_RX0_IRQHandler                    0x0800036c   Section        0  stm32f4xx_it.o(i.CAN3_RX0_IRQHandler)
    i.CAN_Config_Ready                       0x08000378   Section        0  bsp_ncv7356.o(i.CAN_Config_Ready)
    i.Clear_Screen                           0x080003c4   Section        0  bsp_oled19264.o(i.Clear_Screen)
    i.DebugMon_Handler                       0x080003ea   Section        0  stm32f4xx_it.o(i.DebugMon_Handler)
    i.Display_Singal_Num                     0x080003ec   Section        0  bsp_oled19264.o(i.Display_Singal_Num)
    i.Display_String                         0x0800042c   Section        0  bsp_oled19264.o(i.Display_String)
    i.EXTI3_IRQHandler                       0x0800069c   Section        0  stm32f4xx_it.o(i.EXTI3_IRQHandler)
    i.Error_Handler                          0x080006a2   Section        0  main.o(i.Error_Handler)
    i.FLASH_Erase_Sector                     0x080006a8   Section        0  stm32f4xx_hal_flash_ex.o(i.FLASH_Erase_Sector)
    i.FLASH_FlushCaches                      0x080006f8   Section        0  stm32f4xx_hal_flash_ex.o(i.FLASH_FlushCaches)
    i.FLASH_MassErase                        0x0800074c   Section        0  stm32f4xx_hal_flash_ex.o(i.FLASH_MassErase)
    FLASH_MassErase                          0x0800074d   Thumb Code    34  stm32f4xx_hal_flash_ex.o(i.FLASH_MassErase)
    i.FLASH_Program_Byte                     0x08000774   Section        0  stm32f4xx_hal_flash.o(i.FLASH_Program_Byte)
    FLASH_Program_Byte                       0x08000775   Thumb Code    26  stm32f4xx_hal_flash.o(i.FLASH_Program_Byte)
    i.FLASH_Program_DoubleWord               0x08000794   Section        0  stm32f4xx_hal_flash.o(i.FLASH_Program_DoubleWord)
    FLASH_Program_DoubleWord                 0x08000795   Thumb Code    38  stm32f4xx_hal_flash.o(i.FLASH_Program_DoubleWord)
    i.FLASH_Program_HalfWord                 0x080007c0   Section        0  stm32f4xx_hal_flash.o(i.FLASH_Program_HalfWord)
    FLASH_Program_HalfWord                   0x080007c1   Thumb Code    30  stm32f4xx_hal_flash.o(i.FLASH_Program_HalfWord)
    i.FLASH_Program_Word                     0x080007e4   Section        0  stm32f4xx_hal_flash.o(i.FLASH_Program_Word)
    FLASH_Program_Word                       0x080007e5   Thumb Code    30  stm32f4xx_hal_flash.o(i.FLASH_Program_Word)
    i.FLASH_SetErrorCode                     0x08000808   Section        0  stm32f4xx_hal_flash.o(i.FLASH_SetErrorCode)
    FLASH_SetErrorCode                       0x08000809   Thumb Code   116  stm32f4xx_hal_flash.o(i.FLASH_SetErrorCode)
    i.FLASH_WaitForLastOperation             0x08000884   Section        0  stm32f4xx_hal_flash.o(i.FLASH_WaitForLastOperation)
    i.HAL_CAN_ActivateNotification           0x080008d4   Section        0  stm32f4xx_hal_can.o(i.HAL_CAN_ActivateNotification)
    i.HAL_CAN_ConfigFilter                   0x080008f8   Section        0  stm32f4xx_hal_can.o(i.HAL_CAN_ConfigFilter)
    i.HAL_CAN_DeactivateNotification         0x08000a18   Section        0  stm32f4xx_hal_can.o(i.HAL_CAN_DeactivateNotification)
    i.HAL_CAN_ErrorCallback                  0x08000a3c   Section        0  stm32f4xx_hal_can.o(i.HAL_CAN_ErrorCallback)
    i.HAL_CAN_GetRxMessage                   0x08000a3e   Section        0  stm32f4xx_hal_can.o(i.HAL_CAN_GetRxMessage)
    i.HAL_CAN_IRQHandler                     0x08000b26   Section        0  stm32f4xx_hal_can.o(i.HAL_CAN_IRQHandler)
    i.HAL_CAN_Init                           0x08000d22   Section        0  stm32f4xx_hal_can.o(i.HAL_CAN_Init)
    i.HAL_CAN_MspInit                        0x08000e3c   Section        0  can.o(i.HAL_CAN_MspInit)
    i.HAL_CAN_RxFifo0FullCallback            0x08000f58   Section        0  stm32f4xx_hal_can.o(i.HAL_CAN_RxFifo0FullCallback)
    i.HAL_CAN_RxFifo0MsgPendingCallback      0x08000f5c   Section        0  bsp_ncv7356.o(i.HAL_CAN_RxFifo0MsgPendingCallback)
    i.HAL_CAN_RxFifo1FullCallback            0x08000fac   Section        0  stm32f4xx_hal_can.o(i.HAL_CAN_RxFifo1FullCallback)
    i.HAL_CAN_RxFifo1MsgPendingCallback      0x08000fb0   Section        0  bsp_ncv7356.o(i.HAL_CAN_RxFifo1MsgPendingCallback)
    i.HAL_CAN_SleepCallback                  0x080010f4   Section        0  stm32f4xx_hal_can.o(i.HAL_CAN_SleepCallback)
    i.HAL_CAN_Start                          0x080010f8   Section        0  stm32f4xx_hal_can.o(i.HAL_CAN_Start)
    i.HAL_CAN_Stop                           0x08001150   Section        0  stm32f4xx_hal_can.o(i.HAL_CAN_Stop)
    i.HAL_CAN_TxMailbox0AbortCallback        0x080011b0   Section        0  stm32f4xx_hal_can.o(i.HAL_CAN_TxMailbox0AbortCallback)
    i.HAL_CAN_TxMailbox0CompleteCallback     0x080011b2   Section        0  stm32f4xx_hal_can.o(i.HAL_CAN_TxMailbox0CompleteCallback)
    i.HAL_CAN_TxMailbox1AbortCallback        0x080011b4   Section        0  stm32f4xx_hal_can.o(i.HAL_CAN_TxMailbox1AbortCallback)
    i.HAL_CAN_TxMailbox1CompleteCallback     0x080011b6   Section        0  stm32f4xx_hal_can.o(i.HAL_CAN_TxMailbox1CompleteCallback)
    i.HAL_CAN_TxMailbox2AbortCallback        0x080011b8   Section        0  stm32f4xx_hal_can.o(i.HAL_CAN_TxMailbox2AbortCallback)
    i.HAL_CAN_TxMailbox2CompleteCallback     0x080011ba   Section        0  stm32f4xx_hal_can.o(i.HAL_CAN_TxMailbox2CompleteCallback)
    i.HAL_CAN_WakeUpFromRxMsgCallback        0x080011bc   Section        0  stm32f4xx_hal_can.o(i.HAL_CAN_WakeUpFromRxMsgCallback)
    i.HAL_Delay                              0x080011c0   Section        0  stm32f4xx_hal.o(i.HAL_Delay)
    i.HAL_FLASHEx_Erase                      0x080011e4   Section        0  stm32f4xx_hal_flash_ex.o(i.HAL_FLASHEx_Erase)
    i.HAL_FLASH_Lock                         0x0800127c   Section        0  stm32f4xx_hal_flash.o(i.HAL_FLASH_Lock)
    i.HAL_FLASH_Program                      0x08001290   Section        0  stm32f4xx_hal_flash.o(i.HAL_FLASH_Program)
    i.HAL_FLASH_Unlock                       0x0800130c   Section        0  stm32f4xx_hal_flash.o(i.HAL_FLASH_Unlock)
    i.HAL_GPIO_EXTI_Callback                 0x08001338   Section        0  stm32f4xx_hal_gpio.o(i.HAL_GPIO_EXTI_Callback)
    i.HAL_GPIO_EXTI_IRQHandler               0x0800133c   Section        0  stm32f4xx_hal_gpio.o(i.HAL_GPIO_EXTI_IRQHandler)
    i.HAL_GPIO_Init                          0x08001354   Section        0  stm32f4xx_hal_gpio.o(i.HAL_GPIO_Init)
    i.HAL_GPIO_WritePin                      0x08001530   Section        0  stm32f4xx_hal_gpio.o(i.HAL_GPIO_WritePin)
    i.HAL_GetTick                            0x0800153c   Section        0  stm32f4xx_hal.o(i.HAL_GetTick)
    i.HAL_IncTick                            0x08001548   Section        0  stm32f4xx_hal.o(i.HAL_IncTick)
    i.HAL_Init                               0x08001558   Section        0  stm32f4xx_hal.o(i.HAL_Init)
    i.HAL_InitTick                           0x0800158c   Section        0  stm32f4xx_hal.o(i.HAL_InitTick)
    i.HAL_MspInit                            0x080015cc   Section        0  stm32f4xx_hal_msp.o(i.HAL_MspInit)
    i.HAL_NVIC_EnableIRQ                     0x080015fc   Section        0  stm32f4xx_hal_cortex.o(i.HAL_NVIC_EnableIRQ)
    i.HAL_NVIC_SetPriority                   0x08001618   Section        0  stm32f4xx_hal_cortex.o(i.HAL_NVIC_SetPriority)
    i.HAL_NVIC_SetPriorityGrouping           0x08001658   Section        0  stm32f4xx_hal_cortex.o(i.HAL_NVIC_SetPriorityGrouping)
    i.HAL_RCC_ClockConfig                    0x0800167c   Section        0  stm32f4xx_hal_rcc.o(i.HAL_RCC_ClockConfig)
    i.HAL_RCC_GetSysClockFreq                0x080017b0   Section        0  stm32f4xx_hal_rcc.o(i.HAL_RCC_GetSysClockFreq)
    i.HAL_RCC_OscConfig                      0x08001810   Section        0  stm32f4xx_hal_rcc_ex.o(i.HAL_RCC_OscConfig)
    i.HAL_SYSTICK_Config                     0x08001b90   Section        0  stm32f4xx_hal_cortex.o(i.HAL_SYSTICK_Config)
    i.HardFault_Handler                      0x08001bb8   Section        0  stm32f4xx_it.o(i.HardFault_Handler)
    i.I2C_SendByte                           0x08001bbc   Section        0  bsp_oled19264.o(i.I2C_SendByte)
    i.I2C_Start                              0x08001c20   Section        0  bsp_oled19264.o(i.I2C_Start)
    i.I2C_Stop                               0x08001c64   Section        0  bsp_oled19264.o(i.I2C_Stop)
    i.I2C_WaitAck                            0x08001cac   Section        0  bsp_oled19264.o(i.I2C_WaitAck)
    i.JumpToApp                              0x08001cfc   Section        0  bsp_usermain.o(i.JumpToApp)
    i.MX_CAN1_Init                           0x08001d28   Section        0  can.o(i.MX_CAN1_Init)
    i.MX_CAN2_Init                           0x08001d6c   Section        0  can.o(i.MX_CAN2_Init)
    i.MX_CAN3_Init                           0x08001db0   Section        0  can.o(i.MX_CAN3_Init)
    i.MX_GPIO_Init                           0x08001df4   Section        0  gpio.o(i.MX_GPIO_Init)
    i.MainInit                               0x080020a0   Section        0  bsp_usermain.o(i.MainInit)
    i.MainWork                               0x080020c0   Section        0  bsp_usermain.o(i.MainWork)
    i.MemManage_Handler                      0x08002620   Section        0  stm32f4xx_it.o(i.MemManage_Handler)
    i.NMI_Handler                            0x08002622   Section        0  stm32f4xx_it.o(i.NMI_Handler)
    i.OLED19264_Delay                        0x08002624   Section        0  bsp_oled19264.o(i.OLED19264_Delay)
    OLED19264_Delay                          0x08002625   Thumb Code    12  bsp_oled19264.o(i.OLED19264_Delay)
    i.OLED19264_INIT                         0x08002630   Section        0  bsp_oled19264.o(i.OLED19264_INIT)
    i.OLED19264_WRITE_COMMAND                0x080026d4   Section        0  bsp_oled19264.o(i.OLED19264_WRITE_COMMAND)
    i.OLED19264_WRITE_DATA                   0x08002702   Section        0  bsp_oled19264.o(i.OLED19264_WRITE_DATA)
    i.OLED_Delay                             0x08002730   Section        0  bsp_oled19264.o(i.OLED_Delay)
    OLED_Delay                               0x08002731   Thumb Code    12  bsp_oled19264.o(i.OLED_Delay)
    i.PendSV_Handler                         0x0800273c   Section        0  stm32f4xx_it.o(i.PendSV_Handler)
    i.STMFLASH_Read                          0x08002740   Section        0  bsp_usermain.o(i.STMFLASH_Read)
    i.SVC_Handler                            0x08002756   Section        0  stm32f4xx_it.o(i.SVC_Handler)
    i.SysTick_Handler                        0x08002758   Section        0  stm32f4xx_it.o(i.SysTick_Handler)
    i.SystemClock_Config                     0x0800275c   Section        0  main.o(i.SystemClock_Config)
    i.SystemInit                             0x080027ec   Section        0  system_stm32f4xx.o(i.SystemInit)
    i.TaskEndInit                            0x080027fc   Section        0  bsp_usermain.o(i.TaskEndInit)
    i.UsageFault_Handler                     0x0800281c   Section        0  stm32f4xx_it.o(i.UsageFault_Handler)
    i.__NVIC_SetPriority                     0x0800281e   Section        0  stm32f4xx_hal_cortex.o(i.__NVIC_SetPriority)
    __NVIC_SetPriority                       0x0800281f   Thumb Code    32  stm32f4xx_hal_cortex.o(i.__NVIC_SetPriority)
    i.__scatterload_copy                     0x0800283e   Section       14  handlers.o(i.__scatterload_copy)
    i.__scatterload_null                     0x0800284c   Section        2  handlers.o(i.__scatterload_null)
    i.__scatterload_zeroinit                 0x0800284e   Section       14  handlers.o(i.__scatterload_zeroinit)
    i.display_graphic_128x64                 0x0800285c   Section        0  bsp_oled19264.o(i.display_graphic_128x64)
    i.display_graphic_16x16_cn               0x0800288c   Section        0  bsp_oled19264.o(i.display_graphic_16x16_cn)
    i.display_graphic_8x16_en                0x080028c0   Section        0  bsp_oled19264.o(i.display_graphic_8x16_en)
    i.lcd_address                            0x080028f4   Section        0  bsp_oled19264.o(i.lcd_address)
    i.main                                   0x08002918   Section        0  main.o(i.main)
    .constdata                               0x0800293a   Section      192  bsp_usermain.o(.constdata)
    .constdata                               0x080029fa   Section       16  system_stm32f4xx.o(.constdata)
    .data                                    0x20000000   Section       84  bsp_usermain.o(.data)
    Program_Program_Percent_Last             0x2000002c   Data           4  bsp_usermain.o(.data)
    Display_Num_Integer                      0x20000048   Data           4  bsp_usermain.o(.data)
    Display_Num_Integer_Last                 0x2000004c   Data           4  bsp_usermain.o(.data)
    Display_Num_Decimal                      0x20000050   Data           4  bsp_usermain.o(.data)
    .data                                    0x20000054   Section     1136  bsp_usermain.o(.data)
    .data                                    0x200004c4   Section       36  bsp_ncv7356.o(.data)
    .data                                    0x200004e8   Section        2  bsp_ncv7356.o(.data)
    .data                                    0x200004ec   Section       12  stm32f4xx_hal.o(.data)
    .data                                    0x200004f8   Section        4  system_stm32f4xx.o(.data)
    .bss                                     0x200004fc   Section       16  bsp_usermain.o(.bss)
    .bss                                     0x2000050c   Section    131092  bsp_usermain.o(.bss)
    .bss                                     0x20020520   Section       32  stm32f4xx_hal_flash.o(.bss)
    .bss                                     0x20020540   Section      108  bsp_ncv7356.o(.bss)
    .bss                                     0x200205ac   Section      120  can.o(.bss)
    STACK                                    0x20020628   Section     1024  startup_stm32f413xx.o(STACK)

    Global Symbols

    Symbol Name                              Value     Ov Type        Size  Object(Section)

    BuildAttributes$$THM_ISAv4$E$P$D$K$B$S$7EM$VFPi3$EXTD16$VFPS$VFMA$PE$A:L22UL41UL21$X:L11$S22US41US21$IEEE1$IW$USESV6$~STKCKD$USESV7$~SHL$OSPACE$EBA8$MICROLIB$REQ8$PRES8$EABIv2 0x00000000   Number         0  anon$$obj.o ABSOLUTE
    __ARM_use_no_argv                        0x00000000   Number         0  main.o ABSOLUTE
    __arm_fini_                               - Undefined Weak Reference
    __cpp_initialize__aeabi_                  - Undefined Weak Reference
    __cxa_finalize                            - Undefined Weak Reference
    _clock_init                               - Undefined Weak Reference
    _microlib_exit                            - Undefined Weak Reference
    __Vectors_Size                           0x000001d8   Number         0  startup_stm32f413xx.o ABSOLUTE
    __Vectors                                0x08000000   Data           4  startup_stm32f413xx.o(RESET)
    __Vectors_End                            0x080001d8   Data           0  startup_stm32f413xx.o(RESET)
    __main                                   0x080001d9   Thumb Code     0  entry.o(.ARM.Collect$$$$00000000)
    _main_stk                                0x080001d9   Thumb Code     0  entry2.o(.ARM.Collect$$$$00000001)
    _main_scatterload                        0x080001dd   Thumb Code     0  entry5.o(.ARM.Collect$$$$00000004)
    __main_after_scatterload                 0x080001e1   Thumb Code     0  entry5.o(.ARM.Collect$$$$00000004)
    _main_clock                              0x080001e1   Thumb Code     0  entry7b.o(.ARM.Collect$$$$00000008)
    _main_cpp_init                           0x080001e1   Thumb Code     0  entry8b.o(.ARM.Collect$$$$0000000A)
    _main_init                               0x080001e1   Thumb Code     0  entry9a.o(.ARM.Collect$$$$0000000B)
    __rt_lib_shutdown_fini                   0x080001e9   Thumb Code     0  entry12b.o(.ARM.Collect$$$$0000000E)
    __rt_final_cpp                           0x080001ed   Thumb Code     0  entry10a.o(.ARM.Collect$$$$0000000F)
    __rt_final_exit                          0x080001ed   Thumb Code     0  entry11a.o(.ARM.Collect$$$$00000011)
    Reset_Handler                            0x080001f1   Thumb Code     8  startup_stm32f413xx.o(.text)
    ADC_IRQHandler                           0x0800020b   Thumb Code     0  startup_stm32f413xx.o(.text)
    CAN1_RX1_IRQHandler                      0x0800020b   Thumb Code     0  startup_stm32f413xx.o(.text)
    CAN1_SCE_IRQHandler                      0x0800020b   Thumb Code     0  startup_stm32f413xx.o(.text)
    CAN1_TX_IRQHandler                       0x0800020b   Thumb Code     0  startup_stm32f413xx.o(.text)
    CAN2_RX0_IRQHandler                      0x0800020b   Thumb Code     0  startup_stm32f413xx.o(.text)
    CAN2_SCE_IRQHandler                      0x0800020b   Thumb Code     0  startup_stm32f413xx.o(.text)
    CAN2_TX_IRQHandler                       0x0800020b   Thumb Code     0  startup_stm32f413xx.o(.text)
    CAN3_RX1_IRQHandler                      0x0800020b   Thumb Code     0  startup_stm32f413xx.o(.text)
    CAN3_SCE_IRQHandler                      0x0800020b   Thumb Code     0  startup_stm32f413xx.o(.text)
    CAN3_TX_IRQHandler                       0x0800020b   Thumb Code     0  startup_stm32f413xx.o(.text)
    DFSDM1_FLT0_IRQHandler                   0x0800020b   Thumb Code     0  startup_stm32f413xx.o(.text)
    DFSDM1_FLT1_IRQHandler                   0x0800020b   Thumb Code     0  startup_stm32f413xx.o(.text)
    DFSDM2_FLT0_IRQHandler                   0x0800020b   Thumb Code     0  startup_stm32f413xx.o(.text)
    DFSDM2_FLT1_IRQHandler                   0x0800020b   Thumb Code     0  startup_stm32f413xx.o(.text)
    DFSDM2_FLT2_IRQHandler                   0x0800020b   Thumb Code     0  startup_stm32f413xx.o(.text)
    DFSDM2_FLT3_IRQHandler                   0x0800020b   Thumb Code     0  startup_stm32f413xx.o(.text)
    DMA1_Stream0_IRQHandler                  0x0800020b   Thumb Code     0  startup_stm32f413xx.o(.text)
    DMA1_Stream1_IRQHandler                  0x0800020b   Thumb Code     0  startup_stm32f413xx.o(.text)
    DMA1_Stream2_IRQHandler                  0x0800020b   Thumb Code     0  startup_stm32f413xx.o(.text)
    DMA1_Stream3_IRQHandler                  0x0800020b   Thumb Code     0  startup_stm32f413xx.o(.text)
    DMA1_Stream4_IRQHandler                  0x0800020b   Thumb Code     0  startup_stm32f413xx.o(.text)
    DMA1_Stream5_IRQHandler                  0x0800020b   Thumb Code     0  startup_stm32f413xx.o(.text)
    DMA1_Stream6_IRQHandler                  0x0800020b   Thumb Code     0  startup_stm32f413xx.o(.text)
    DMA1_Stream7_IRQHandler                  0x0800020b   Thumb Code     0  startup_stm32f413xx.o(.text)
    DMA2_Stream0_IRQHandler                  0x0800020b   Thumb Code     0  startup_stm32f413xx.o(.text)
    DMA2_Stream1_IRQHandler                  0x0800020b   Thumb Code     0  startup_stm32f413xx.o(.text)
    DMA2_Stream2_IRQHandler                  0x0800020b   Thumb Code     0  startup_stm32f413xx.o(.text)
    DMA2_Stream3_IRQHandler                  0x0800020b   Thumb Code     0  startup_stm32f413xx.o(.text)
    DMA2_Stream4_IRQHandler                  0x0800020b   Thumb Code     0  startup_stm32f413xx.o(.text)
    DMA2_Stream5_IRQHandler                  0x0800020b   Thumb Code     0  startup_stm32f413xx.o(.text)
    DMA2_Stream6_IRQHandler                  0x0800020b   Thumb Code     0  startup_stm32f413xx.o(.text)
    DMA2_Stream7_IRQHandler                  0x0800020b   Thumb Code     0  startup_stm32f413xx.o(.text)
    EXTI0_IRQHandler                         0x0800020b   Thumb Code     0  startup_stm32f413xx.o(.text)
    EXTI15_10_IRQHandler                     0x0800020b   Thumb Code     0  startup_stm32f413xx.o(.text)
    EXTI1_IRQHandler                         0x0800020b   Thumb Code     0  startup_stm32f413xx.o(.text)
    EXTI2_IRQHandler                         0x0800020b   Thumb Code     0  startup_stm32f413xx.o(.text)
    EXTI4_IRQHandler                         0x0800020b   Thumb Code     0  startup_stm32f413xx.o(.text)
    EXTI9_5_IRQHandler                       0x0800020b   Thumb Code     0  startup_stm32f413xx.o(.text)
    FLASH_IRQHandler                         0x0800020b   Thumb Code     0  startup_stm32f413xx.o(.text)
    FMPI2C1_ER_IRQHandler                    0x0800020b   Thumb Code     0  startup_stm32f413xx.o(.text)
    FMPI2C1_EV_IRQHandler                    0x0800020b   Thumb Code     0  startup_stm32f413xx.o(.text)
    FPU_IRQHandler                           0x0800020b   Thumb Code     0  startup_stm32f413xx.o(.text)
    FSMC_IRQHandler                          0x0800020b   Thumb Code     0  startup_stm32f413xx.o(.text)
    I2C1_ER_IRQHandler                       0x0800020b   Thumb Code     0  startup_stm32f413xx.o(.text)
    I2C1_EV_IRQHandler                       0x0800020b   Thumb Code     0  startup_stm32f413xx.o(.text)
    I2C2_ER_IRQHandler                       0x0800020b   Thumb Code     0  startup_stm32f413xx.o(.text)
    I2C2_EV_IRQHandler                       0x0800020b   Thumb Code     0  startup_stm32f413xx.o(.text)
    I2C3_ER_IRQHandler                       0x0800020b   Thumb Code     0  startup_stm32f413xx.o(.text)
    I2C3_EV_IRQHandler                       0x0800020b   Thumb Code     0  startup_stm32f413xx.o(.text)
    LPTIM1_IRQHandler                        0x0800020b   Thumb Code     0  startup_stm32f413xx.o(.text)
    OTG_FS_IRQHandler                        0x0800020b   Thumb Code     0  startup_stm32f413xx.o(.text)
    OTG_FS_WKUP_IRQHandler                   0x0800020b   Thumb Code     0  startup_stm32f413xx.o(.text)
    PVD_IRQHandler                           0x0800020b   Thumb Code     0  startup_stm32f413xx.o(.text)
    QUADSPI_IRQHandler                       0x0800020b   Thumb Code     0  startup_stm32f413xx.o(.text)
    RCC_IRQHandler                           0x0800020b   Thumb Code     0  startup_stm32f413xx.o(.text)
    RNG_IRQHandler                           0x0800020b   Thumb Code     0  startup_stm32f413xx.o(.text)
    RTC_Alarm_IRQHandler                     0x0800020b   Thumb Code     0  startup_stm32f413xx.o(.text)
    RTC_WKUP_IRQHandler                      0x0800020b   Thumb Code     0  startup_stm32f413xx.o(.text)
    SAI1_IRQHandler                          0x0800020b   Thumb Code     0  startup_stm32f413xx.o(.text)
    SDIO_IRQHandler                          0x0800020b   Thumb Code     0  startup_stm32f413xx.o(.text)
    SPI1_IRQHandler                          0x0800020b   Thumb Code     0  startup_stm32f413xx.o(.text)
    SPI2_IRQHandler                          0x0800020b   Thumb Code     0  startup_stm32f413xx.o(.text)
    SPI3_IRQHandler                          0x0800020b   Thumb Code     0  startup_stm32f413xx.o(.text)
    SPI4_IRQHandler                          0x0800020b   Thumb Code     0  startup_stm32f413xx.o(.text)
    SPI5_IRQHandler                          0x0800020b   Thumb Code     0  startup_stm32f413xx.o(.text)
    TAMP_STAMP_IRQHandler                    0x0800020b   Thumb Code     0  startup_stm32f413xx.o(.text)
    TIM1_BRK_TIM9_IRQHandler                 0x0800020b   Thumb Code     0  startup_stm32f413xx.o(.text)
    TIM1_CC_IRQHandler                       0x0800020b   Thumb Code     0  startup_stm32f413xx.o(.text)
    TIM1_TRG_COM_TIM11_IRQHandler            0x0800020b   Thumb Code     0  startup_stm32f413xx.o(.text)
    TIM1_UP_TIM10_IRQHandler                 0x0800020b   Thumb Code     0  startup_stm32f413xx.o(.text)
    TIM2_IRQHandler                          0x0800020b   Thumb Code     0  startup_stm32f413xx.o(.text)
    TIM3_IRQHandler                          0x0800020b   Thumb Code     0  startup_stm32f413xx.o(.text)
    TIM4_IRQHandler                          0x0800020b   Thumb Code     0  startup_stm32f413xx.o(.text)
    TIM5_IRQHandler                          0x0800020b   Thumb Code     0  startup_stm32f413xx.o(.text)
    TIM6_DAC_IRQHandler                      0x0800020b   Thumb Code     0  startup_stm32f413xx.o(.text)
    TIM7_IRQHandler                          0x0800020b   Thumb Code     0  startup_stm32f413xx.o(.text)
    TIM8_BRK_TIM12_IRQHandler                0x0800020b   Thumb Code     0  startup_stm32f413xx.o(.text)
    TIM8_CC_IRQHandler                       0x0800020b   Thumb Code     0  startup_stm32f413xx.o(.text)
    TIM8_TRG_COM_TIM14_IRQHandler            0x0800020b   Thumb Code     0  startup_stm32f413xx.o(.text)
    TIM8_UP_TIM13_IRQHandler                 0x0800020b   Thumb Code     0  startup_stm32f413xx.o(.text)
    UART10_IRQHandler                        0x0800020b   Thumb Code     0  startup_stm32f413xx.o(.text)
    UART4_IRQHandler                         0x0800020b   Thumb Code     0  startup_stm32f413xx.o(.text)
    UART5_IRQHandler                         0x0800020b   Thumb Code     0  startup_stm32f413xx.o(.text)
    UART7_IRQHandler                         0x0800020b   Thumb Code     0  startup_stm32f413xx.o(.text)
    UART8_IRQHandler                         0x0800020b   Thumb Code     0  startup_stm32f413xx.o(.text)
    UART9_IRQHandler                         0x0800020b   Thumb Code     0  startup_stm32f413xx.o(.text)
    USART1_IRQHandler                        0x0800020b   Thumb Code     0  startup_stm32f413xx.o(.text)
    USART2_IRQHandler                        0x0800020b   Thumb Code     0  startup_stm32f413xx.o(.text)
    USART3_IRQHandler                        0x0800020b   Thumb Code     0  startup_stm32f413xx.o(.text)
    USART6_IRQHandler                        0x0800020b   Thumb Code     0  startup_stm32f413xx.o(.text)
    WWDG_IRQHandler                          0x0800020b   Thumb Code     0  startup_stm32f413xx.o(.text)
    __aeabi_uldivmod                         0x08000215   Thumb Code    98  uldiv.o(.text)
    __aeabi_memset                           0x08000277   Thumb Code    14  memseta.o(.text)
    __aeabi_memset4                          0x08000277   Thumb Code     0  memseta.o(.text)
    __aeabi_memset8                          0x08000277   Thumb Code     0  memseta.o(.text)
    __aeabi_memclr                           0x08000285   Thumb Code     4  memseta.o(.text)
    __aeabi_memclr4                          0x08000285   Thumb Code     0  memseta.o(.text)
    __aeabi_memclr8                          0x08000285   Thumb Code     0  memseta.o(.text)
    _memset$wrapper                          0x08000289   Thumb Code    18  memseta.o(.text)
    __aeabi_llsl                             0x0800029b   Thumb Code    30  llshl.o(.text)
    _ll_shift_l                              0x0800029b   Thumb Code     0  llshl.o(.text)
    __aeabi_llsr                             0x080002b9   Thumb Code    32  llushr.o(.text)
    _ll_ushift_r                             0x080002b9   Thumb Code     0  llushr.o(.text)
    __scatterload                            0x080002d9   Thumb Code    28  init.o(.text)
    __scatterload_rt2                        0x080002d9   Thumb Code     0  init.o(.text)
    __decompress                             0x080002fd   Thumb Code     0  __dczerorl2.o(.text)
    __decompress1                            0x080002fd   Thumb Code    86  __dczerorl2.o(.text)
    BusFault_Handler                         0x08000353   Thumb Code     2  stm32f4xx_it.o(i.BusFault_Handler)
    CAN1_RX0_IRQHandler                      0x08000355   Thumb Code     6  stm32f4xx_it.o(i.CAN1_RX0_IRQHandler)
    CAN2_RX1_IRQHandler                      0x08000361   Thumb Code     6  stm32f4xx_it.o(i.CAN2_RX1_IRQHandler)
    CAN3_RX0_IRQHandler                      0x0800036d   Thumb Code     6  stm32f4xx_it.o(i.CAN3_RX0_IRQHandler)
    CAN_Config_Ready                         0x08000379   Thumb Code    72  bsp_ncv7356.o(i.CAN_Config_Ready)
    Clear_Screen                             0x080003c5   Thumb Code    38  bsp_oled19264.o(i.Clear_Screen)
    DebugMon_Handler                         0x080003eb   Thumb Code     2  stm32f4xx_it.o(i.DebugMon_Handler)
    Display_Singal_Num                       0x080003ed   Thumb Code    62  bsp_oled19264.o(i.Display_Singal_Num)
    Display_String                           0x0800042d   Thumb Code   608  bsp_oled19264.o(i.Display_String)
    EXTI3_IRQHandler                         0x0800069d   Thumb Code     6  stm32f4xx_it.o(i.EXTI3_IRQHandler)
    Error_Handler                            0x080006a3   Thumb Code     4  main.o(i.Error_Handler)
    FLASH_Erase_Sector                       0x080006a9   Thumb Code    74  stm32f4xx_hal_flash_ex.o(i.FLASH_Erase_Sector)
    FLASH_FlushCaches                        0x080006f9   Thumb Code    80  stm32f4xx_hal_flash_ex.o(i.FLASH_FlushCaches)
    FLASH_WaitForLastOperation               0x08000885   Thumb Code    72  stm32f4xx_hal_flash.o(i.FLASH_WaitForLastOperation)
    HAL_CAN_ActivateNotification             0x080008d5   Thumb Code    36  stm32f4xx_hal_can.o(i.HAL_CAN_ActivateNotification)
    HAL_CAN_ConfigFilter                     0x080008f9   Thumb Code   278  stm32f4xx_hal_can.o(i.HAL_CAN_ConfigFilter)
    HAL_CAN_DeactivateNotification           0x08000a19   Thumb Code    36  stm32f4xx_hal_can.o(i.HAL_CAN_DeactivateNotification)
    HAL_CAN_ErrorCallback                    0x08000a3d   Thumb Code     2  stm32f4xx_hal_can.o(i.HAL_CAN_ErrorCallback)
    HAL_CAN_GetRxMessage                     0x08000a3f   Thumb Code   232  stm32f4xx_hal_can.o(i.HAL_CAN_GetRxMessage)
    HAL_CAN_IRQHandler                       0x08000b27   Thumb Code   508  stm32f4xx_hal_can.o(i.HAL_CAN_IRQHandler)
    HAL_CAN_Init                             0x08000d23   Thumb Code   282  stm32f4xx_hal_can.o(i.HAL_CAN_Init)
    HAL_CAN_MspInit                          0x08000e3d   Thumb Code   256  can.o(i.HAL_CAN_MspInit)
    HAL_CAN_RxFifo0FullCallback              0x08000f59   Thumb Code     2  stm32f4xx_hal_can.o(i.HAL_CAN_RxFifo0FullCallback)
    HAL_CAN_RxFifo0MsgPendingCallback        0x08000f5d   Thumb Code    54  bsp_ncv7356.o(i.HAL_CAN_RxFifo0MsgPendingCallback)
    HAL_CAN_RxFifo1FullCallback              0x08000fad   Thumb Code     2  stm32f4xx_hal_can.o(i.HAL_CAN_RxFifo1FullCallback)
    HAL_CAN_RxFifo1MsgPendingCallback        0x08000fb1   Thumb Code   264  bsp_ncv7356.o(i.HAL_CAN_RxFifo1MsgPendingCallback)
    HAL_CAN_SleepCallback                    0x080010f5   Thumb Code     2  stm32f4xx_hal_can.o(i.HAL_CAN_SleepCallback)
    HAL_CAN_Start                            0x080010f9   Thumb Code    88  stm32f4xx_hal_can.o(i.HAL_CAN_Start)
    HAL_CAN_Stop                             0x08001151   Thumb Code    96  stm32f4xx_hal_can.o(i.HAL_CAN_Stop)
    HAL_CAN_TxMailbox0AbortCallback          0x080011b1   Thumb Code     2  stm32f4xx_hal_can.o(i.HAL_CAN_TxMailbox0AbortCallback)
    HAL_CAN_TxMailbox0CompleteCallback       0x080011b3   Thumb Code     2  stm32f4xx_hal_can.o(i.HAL_CAN_TxMailbox0CompleteCallback)
    HAL_CAN_TxMailbox1AbortCallback          0x080011b5   Thumb Code     2  stm32f4xx_hal_can.o(i.HAL_CAN_TxMailbox1AbortCallback)
    HAL_CAN_TxMailbox1CompleteCallback       0x080011b7   Thumb Code     2  stm32f4xx_hal_can.o(i.HAL_CAN_TxMailbox1CompleteCallback)
    HAL_CAN_TxMailbox2AbortCallback          0x080011b9   Thumb Code     2  stm32f4xx_hal_can.o(i.HAL_CAN_TxMailbox2AbortCallback)
    HAL_CAN_TxMailbox2CompleteCallback       0x080011bb   Thumb Code     2  stm32f4xx_hal_can.o(i.HAL_CAN_TxMailbox2CompleteCallback)
    HAL_CAN_WakeUpFromRxMsgCallback          0x080011bd   Thumb Code     2  stm32f4xx_hal_can.o(i.HAL_CAN_WakeUpFromRxMsgCallback)
    HAL_Delay                                0x080011c1   Thumb Code    32  stm32f4xx_hal.o(i.HAL_Delay)
    HAL_FLASHEx_Erase                        0x080011e5   Thumb Code   144  stm32f4xx_hal_flash_ex.o(i.HAL_FLASHEx_Erase)
    HAL_FLASH_Lock                           0x0800127d   Thumb Code    14  stm32f4xx_hal_flash.o(i.HAL_FLASH_Lock)
    HAL_FLASH_Program                        0x08001291   Thumb Code   116  stm32f4xx_hal_flash.o(i.HAL_FLASH_Program)
    HAL_FLASH_Unlock                         0x0800130d   Thumb Code    32  stm32f4xx_hal_flash.o(i.HAL_FLASH_Unlock)
    HAL_GPIO_EXTI_Callback                   0x08001339   Thumb Code     2  stm32f4xx_hal_gpio.o(i.HAL_GPIO_EXTI_Callback)
    HAL_GPIO_EXTI_IRQHandler                 0x0800133d   Thumb Code    18  stm32f4xx_hal_gpio.o(i.HAL_GPIO_EXTI_IRQHandler)
    HAL_GPIO_Init                            0x08001355   Thumb Code   436  stm32f4xx_hal_gpio.o(i.HAL_GPIO_Init)
    HAL_GPIO_WritePin                        0x08001531   Thumb Code    10  stm32f4xx_hal_gpio.o(i.HAL_GPIO_WritePin)
    HAL_GetTick                              0x0800153d   Thumb Code     6  stm32f4xx_hal.o(i.HAL_GetTick)
    HAL_IncTick                              0x08001549   Thumb Code    12  stm32f4xx_hal.o(i.HAL_IncTick)
    HAL_Init                                 0x08001559   Thumb Code    48  stm32f4xx_hal.o(i.HAL_Init)
    HAL_InitTick                             0x0800158d   Thumb Code    54  stm32f4xx_hal.o(i.HAL_InitTick)
    HAL_MspInit                              0x080015cd   Thumb Code    42  stm32f4xx_hal_msp.o(i.HAL_MspInit)
    HAL_NVIC_EnableIRQ                       0x080015fd   Thumb Code    26  stm32f4xx_hal_cortex.o(i.HAL_NVIC_EnableIRQ)
    HAL_NVIC_SetPriority                     0x08001619   Thumb Code    60  stm32f4xx_hal_cortex.o(i.HAL_NVIC_SetPriority)
    HAL_NVIC_SetPriorityGrouping             0x08001659   Thumb Code    26  stm32f4xx_hal_cortex.o(i.HAL_NVIC_SetPriorityGrouping)
    HAL_RCC_ClockConfig                      0x0800167d   Thumb Code   288  stm32f4xx_hal_rcc.o(i.HAL_RCC_ClockConfig)
    HAL_RCC_GetSysClockFreq                  0x080017b1   Thumb Code    88  stm32f4xx_hal_rcc.o(i.HAL_RCC_GetSysClockFreq)
    HAL_RCC_OscConfig                        0x08001811   Thumb Code   874  stm32f4xx_hal_rcc_ex.o(i.HAL_RCC_OscConfig)
    HAL_SYSTICK_Config                       0x08001b91   Thumb Code    40  stm32f4xx_hal_cortex.o(i.HAL_SYSTICK_Config)
    HardFault_Handler                        0x08001bb9   Thumb Code     2  stm32f4xx_it.o(i.HardFault_Handler)
    I2C_SendByte                             0x08001bbd   Thumb Code    94  bsp_oled19264.o(i.I2C_SendByte)
    I2C_Start                                0x08001c21   Thumb Code    64  bsp_oled19264.o(i.I2C_Start)
    I2C_Stop                                 0x08001c65   Thumb Code    66  bsp_oled19264.o(i.I2C_Stop)
    I2C_WaitAck                              0x08001cad   Thumb Code    76  bsp_oled19264.o(i.I2C_WaitAck)
    JumpToApp                                0x08001cfd   Thumb Code    36  bsp_usermain.o(i.JumpToApp)
    MX_CAN1_Init                             0x08001d29   Thumb Code    60  can.o(i.MX_CAN1_Init)
    MX_CAN2_Init                             0x08001d6d   Thumb Code    60  can.o(i.MX_CAN2_Init)
    MX_CAN3_Init                             0x08001db1   Thumb Code    60  can.o(i.MX_CAN3_Init)
    MX_GPIO_Init                             0x08001df5   Thumb Code   652  gpio.o(i.MX_GPIO_Init)
    MainInit                                 0x080020a1   Thumb Code    22  bsp_usermain.o(i.MainInit)
    MainWork                                 0x080020c1   Thumb Code  1344  bsp_usermain.o(i.MainWork)
    MemManage_Handler                        0x08002621   Thumb Code     2  stm32f4xx_it.o(i.MemManage_Handler)
    NMI_Handler                              0x08002623   Thumb Code     2  stm32f4xx_it.o(i.NMI_Handler)
    OLED19264_INIT                           0x08002631   Thumb Code   154  bsp_oled19264.o(i.OLED19264_INIT)
    OLED19264_WRITE_COMMAND                  0x080026d5   Thumb Code    46  bsp_oled19264.o(i.OLED19264_WRITE_COMMAND)
    OLED19264_WRITE_DATA                     0x08002703   Thumb Code    46  bsp_oled19264.o(i.OLED19264_WRITE_DATA)
    PendSV_Handler                           0x0800273d   Thumb Code     2  stm32f4xx_it.o(i.PendSV_Handler)
    STMFLASH_Read                            0x08002741   Thumb Code    22  bsp_usermain.o(i.STMFLASH_Read)
    SVC_Handler                              0x08002757   Thumb Code     2  stm32f4xx_it.o(i.SVC_Handler)
    SysTick_Handler                          0x08002759   Thumb Code     4  stm32f4xx_it.o(i.SysTick_Handler)
    SystemClock_Config                       0x0800275d   Thumb Code   136  main.o(i.SystemClock_Config)
    SystemInit                               0x080027ed   Thumb Code    12  system_stm32f4xx.o(i.SystemInit)
    TaskEndInit                              0x080027fd   Thumb Code    28  bsp_usermain.o(i.TaskEndInit)
    UsageFault_Handler                       0x0800281d   Thumb Code     2  stm32f4xx_it.o(i.UsageFault_Handler)
    __scatterload_copy                       0x0800283f   Thumb Code    14  handlers.o(i.__scatterload_copy)
    __scatterload_null                       0x0800284d   Thumb Code     2  handlers.o(i.__scatterload_null)
    __scatterload_zeroinit                   0x0800284f   Thumb Code    14  handlers.o(i.__scatterload_zeroinit)
    display_graphic_128x64                   0x0800285d   Thumb Code    48  bsp_oled19264.o(i.display_graphic_128x64)
    display_graphic_16x16_cn                 0x0800288d   Thumb Code    52  bsp_oled19264.o(i.display_graphic_16x16_cn)
    display_graphic_8x16_en                  0x080028c1   Thumb Code    52  bsp_oled19264.o(i.display_graphic_8x16_en)
    lcd_address                              0x080028f5   Thumb Code    36  bsp_oled19264.o(i.lcd_address)
    main                                     0x08002919   Thumb Code    34  main.o(i.main)
    gImage_1                                 0x0800293a   Data          32  bsp_usermain.o(.constdata)
    gImage_2                                 0x0800295a   Data          32  bsp_usermain.o(.constdata)
    gImage_3                                 0x0800297a   Data          32  bsp_usermain.o(.constdata)
    gImage_4                                 0x0800299a   Data          32  bsp_usermain.o(.constdata)
    gImage_5                                 0x080029ba   Data          32  bsp_usermain.o(.constdata)
    gImage_6                                 0x080029da   Data          32  bsp_usermain.o(.constdata)
    AHBPrescTable                            0x080029fa   Data          16  system_stm32f4xx.o(.constdata)
    Region$$Table$$Base                      0x08002a0c   Number         0  anon$$obj.o(Region$$Table)
    Region$$Table$$Limit                     0x08002a2c   Number         0  anon$$obj.o(Region$$Table)
    Status_Flag                              0x20000000   Data           1  bsp_usermain.o(.data)
    End_Flag                                 0x20000001   Data           1  bsp_usermain.o(.data)
    Trans_Flag                               0x20000002   Data           1  bsp_usermain.o(.data)
    Checksum_Value                           0x20000003   Data           1  bsp_usermain.o(.data)
    Checksum_Value_recv                      0x20000004   Data           1  bsp_usermain.o(.data)
    CAN_Recieve_Buffer                       0x20000008   Data           4  bsp_usermain.o(.data)
    Program_Program_Buffer                   0x2000000c   Data           4  bsp_usermain.o(.data)
    Program_Percent                          0x20000010   Data           4  bsp_usermain.o(.data)
    Program_Size_Theoretical                 0x20000014   Data           4  bsp_usermain.o(.data)
    Program_Size_Actual                      0x20000018   Data           4  bsp_usermain.o(.data)
    nTemp_Value                              0x2000001c   Data           4  bsp_usermain.o(.data)
    Error                                    0x20000020   Data           4  bsp_usermain.o(.data)
    Program_Program_Percent                  0x20000024   Data           4  bsp_usermain.o(.data)
    Program_Addr                             0x20000028   Data           4  bsp_usermain.o(.data)
    Jump_To_Application                      0x20000030   Data           4  bsp_usermain.o(.data)
    JumpAddress                              0x20000034   Data           4  bsp_usermain.o(.data)
    AppAddress                               0x20000038   Data           4  bsp_usermain.o(.data)
    Transmit_Tickstart                       0x2000003c   Data           4  bsp_usermain.o(.data)
    Transmit_Ticknow                         0x20000040   Data           4  bsp_usermain.o(.data)
    Transmit_Timeout_Cnt                     0x20000044   Data           4  bsp_usermain.o(.data)
    gb2312_code                              0x20000054   Data        1136  bsp_usermain.o(.data)
    Ret_MailBox                              0x200004c4   Data           4  bsp_ncv7356.o(.data)
    Program_Size_nTemp                       0x200004c8   Data           4  bsp_ncv7356.o(.data)
    Program_Size_nRmd                        0x200004cc   Data           4  bsp_ncv7356.o(.data)
    can1_recv_buf                            0x200004d0   Data           8  bsp_ncv7356.o(.data)
    can2_recv_buf                            0x200004d8   Data           8  bsp_ncv7356.o(.data)
    can3_recv_buf                            0x200004e0   Data           8  bsp_ncv7356.o(.data)
    pro_time                                 0x200004e8   Data           2  bsp_ncv7356.o(.data)
    uwTickFreq                               0x200004ec   Data           1  stm32f4xx_hal.o(.data)
    uwTickPrio                               0x200004f0   Data           4  stm32f4xx_hal.o(.data)
    uwTick                                   0x200004f4   Data           4  stm32f4xx_hal.o(.data)
    SystemCoreClock                          0x200004f8   Data           4  system_stm32f4xx.o(.data)
    space_code                               0x200004fc   Data          16  bsp_usermain.o(.bss)
    Program_Buffer                           0x2000050c   Data       131072  bsp_usermain.o(.bss)
    My_FLASH_Erase                           0x2002050c   Data          20  bsp_usermain.o(.bss)
    pFlash                                   0x20020520   Data          32  stm32f4xx_hal_flash.o(.bss)
    CAN_TxHeader                             0x20020540   Data          24  bsp_ncv7356.o(.bss)
    CAN1_RxHeader                            0x20020558   Data          28  bsp_ncv7356.o(.bss)
    CAN2_RxHeader                            0x20020574   Data          28  bsp_ncv7356.o(.bss)
    CAN3_RxHeader                            0x20020590   Data          28  bsp_ncv7356.o(.bss)
    hcan1                                    0x200205ac   Data          40  can.o(.bss)
    hcan2                                    0x200205d4   Data          40  can.o(.bss)
    hcan3                                    0x200205fc   Data          40  can.o(.bss)
    __initial_sp                             0x20020a28   Data           0  startup_stm32f413xx.o(STACK)



==============================================================================

Memory Map of the image

  Image Entry point : 0x080001d9

  Load Region LR_IROM1 (Base: 0x08000000, Size: 0x00002f28, Max: 0x00008000, ABSOLUTE, COMPRESSED[0x00002dd0])

    Execution Region ER_IROM1 (Exec base: 0x08000000, Load base: 0x08000000, Size: 0x00002a2c, Max: 0x00008000, ABSOLUTE)

    Exec Addr    Load Addr    Size         Type   Attr      Idx    E Section Name        Object

    0x08000000   0x08000000   0x000001d8   Data   RO          641    RESET               startup_stm32f413xx.o
    0x080001d8   0x080001d8   0x00000000   Code   RO         2278  * .ARM.Collect$$$$00000000  mc_w.l(entry.o)
    0x080001d8   0x080001d8   0x00000004   Code   RO         2285    .ARM.Collect$$$$00000001  mc_w.l(entry2.o)
    0x080001dc   0x080001dc   0x00000004   Code   RO         2288    .ARM.Collect$$$$00000004  mc_w.l(entry5.o)
    0x080001e0   0x080001e0   0x00000000   Code   RO         2290    .ARM.Collect$$$$00000008  mc_w.l(entry7b.o)
    0x080001e0   0x080001e0   0x00000000   Code   RO         2292    .ARM.Collect$$$$0000000A  mc_w.l(entry8b.o)
    0x080001e0   0x080001e0   0x00000008   Code   RO         2293    .ARM.Collect$$$$0000000B  mc_w.l(entry9a.o)
    0x080001e8   0x080001e8   0x00000004   Code   RO         2300    .ARM.Collect$$$$0000000E  mc_w.l(entry12b.o)
    0x080001ec   0x080001ec   0x00000000   Code   RO         2295    .ARM.Collect$$$$0000000F  mc_w.l(entry10a.o)
    0x080001ec   0x080001ec   0x00000000   Code   RO         2297    .ARM.Collect$$$$00000011  mc_w.l(entry11a.o)
    0x080001ec   0x080001ec   0x00000004   Code   RO         2286    .ARM.Collect$$$$00002712  mc_w.l(entry2.o)
    0x080001f0   0x080001f0   0x00000024   Code   RO          642    .text               startup_stm32f413xx.o
    0x08000214   0x08000214   0x00000062   Code   RO         2281    .text               mc_w.l(uldiv.o)
    0x08000276   0x08000276   0x00000024   Code   RO         2283    .text               mc_w.l(memseta.o)
    0x0800029a   0x0800029a   0x0000001e   Code   RO         2301    .text               mc_w.l(llshl.o)
    0x080002b8   0x080002b8   0x00000020   Code   RO         2303    .text               mc_w.l(llushr.o)
    0x080002d8   0x080002d8   0x00000024   Code   RO         2305    .text               mc_w.l(init.o)
    0x080002fc   0x080002fc   0x00000056   Code   RO         2315    .text               mc_w.l(__dczerorl2.o)
    0x08000352   0x08000352   0x00000002   Code   RO          770    i.BusFault_Handler  stm32f4xx_it.o
    0x08000354   0x08000354   0x0000000c   Code   RO          771    i.CAN1_RX0_IRQHandler  stm32f4xx_it.o
    0x08000360   0x08000360   0x0000000c   Code   RO          772    i.CAN2_RX1_IRQHandler  stm32f4xx_it.o
    0x0800036c   0x0800036c   0x0000000c   Code   RO          773    i.CAN3_RX0_IRQHandler  stm32f4xx_it.o
    0x08000378   0x08000378   0x0000004c   Code   RO          299    i.CAN_Config_Ready  bsp_ncv7356.o
    0x080003c4   0x080003c4   0x00000026   Code   RO          371    i.Clear_Screen      bsp_oled19264.o
    0x080003ea   0x080003ea   0x00000002   Code   RO          774    i.DebugMon_Handler  stm32f4xx_it.o
    0x080003ec   0x080003ec   0x0000003e   Code   RO          373    i.Display_Singal_Num  bsp_oled19264.o
    0x0800042a   0x0800042a   0x00000002   PAD
    0x0800042c   0x0800042c   0x00000270   Code   RO          374    i.Display_String    bsp_oled19264.o
    0x0800069c   0x0800069c   0x00000006   Code   RO          775    i.EXTI3_IRQHandler  stm32f4xx_it.o
    0x080006a2   0x080006a2   0x00000004   Code   RO          649    i.Error_Handler     main.o
    0x080006a6   0x080006a6   0x00000002   PAD
    0x080006a8   0x080006a8   0x00000050   Code   RO         1301    i.FLASH_Erase_Sector  stm32f4xx_hal_flash_ex.o
    0x080006f8   0x080006f8   0x00000054   Code   RO         1302    i.FLASH_FlushCaches  stm32f4xx_hal_flash_ex.o
    0x0800074c   0x0800074c   0x00000028   Code   RO         1303    i.FLASH_MassErase   stm32f4xx_hal_flash_ex.o
    0x08000774   0x08000774   0x00000020   Code   RO          178    i.FLASH_Program_Byte  stm32f4xx_hal_flash.o
    0x08000794   0x08000794   0x0000002c   Code   RO          179    i.FLASH_Program_DoubleWord  stm32f4xx_hal_flash.o
    0x080007c0   0x080007c0   0x00000024   Code   RO          180    i.FLASH_Program_HalfWord  stm32f4xx_hal_flash.o
    0x080007e4   0x080007e4   0x00000024   Code   RO          181    i.FLASH_Program_Word  stm32f4xx_hal_flash.o
    0x08000808   0x08000808   0x0000007c   Code   RO          182    i.FLASH_SetErrorCode  stm32f4xx_hal_flash.o
    0x08000884   0x08000884   0x00000050   Code   RO          183    i.FLASH_WaitForLastOperation  stm32f4xx_hal_flash.o
    0x080008d4   0x080008d4   0x00000024   Code   RO          894    i.HAL_CAN_ActivateNotification  stm32f4xx_hal_can.o
    0x080008f8   0x080008f8   0x00000120   Code   RO          896    i.HAL_CAN_ConfigFilter  stm32f4xx_hal_can.o
    0x08000a18   0x08000a18   0x00000024   Code   RO          898    i.HAL_CAN_DeactivateNotification  stm32f4xx_hal_can.o
    0x08000a3c   0x08000a3c   0x00000002   Code   RO          899    i.HAL_CAN_ErrorCallback  stm32f4xx_hal_can.o
    0x08000a3e   0x08000a3e   0x000000e8   Code   RO          902    i.HAL_CAN_GetRxMessage  stm32f4xx_hal_can.o
    0x08000b26   0x08000b26   0x000001fc   Code   RO          906    i.HAL_CAN_IRQHandler  stm32f4xx_hal_can.o
    0x08000d22   0x08000d22   0x0000011a   Code   RO          907    i.HAL_CAN_Init      stm32f4xx_hal_can.o
    0x08000e3c   0x08000e3c   0x0000011c   Code   RO          716    i.HAL_CAN_MspInit   can.o
    0x08000f58   0x08000f58   0x00000002   Code   RO          914    i.HAL_CAN_RxFifo0FullCallback  stm32f4xx_hal_can.o
    0x08000f5a   0x08000f5a   0x00000002   PAD
    0x08000f5c   0x08000f5c   0x00000050   Code   RO          302    i.HAL_CAN_RxFifo0MsgPendingCallback  bsp_ncv7356.o
    0x08000fac   0x08000fac   0x00000002   Code   RO          916    i.HAL_CAN_RxFifo1FullCallback  stm32f4xx_hal_can.o
    0x08000fae   0x08000fae   0x00000002   PAD
    0x08000fb0   0x08000fb0   0x00000144   Code   RO          303    i.HAL_CAN_RxFifo1MsgPendingCallback  bsp_ncv7356.o
    0x080010f4   0x080010f4   0x00000002   Code   RO          918    i.HAL_CAN_SleepCallback  stm32f4xx_hal_can.o
    0x080010f6   0x080010f6   0x00000002   PAD
    0x080010f8   0x080010f8   0x00000058   Code   RO          919    i.HAL_CAN_Start     stm32f4xx_hal_can.o
    0x08001150   0x08001150   0x00000060   Code   RO          920    i.HAL_CAN_Stop      stm32f4xx_hal_can.o
    0x080011b0   0x080011b0   0x00000002   Code   RO          921    i.HAL_CAN_TxMailbox0AbortCallback  stm32f4xx_hal_can.o
    0x080011b2   0x080011b2   0x00000002   Code   RO          922    i.HAL_CAN_TxMailbox0CompleteCallback  stm32f4xx_hal_can.o
    0x080011b4   0x080011b4   0x00000002   Code   RO          923    i.HAL_CAN_TxMailbox1AbortCallback  stm32f4xx_hal_can.o
    0x080011b6   0x080011b6   0x00000002   Code   RO          924    i.HAL_CAN_TxMailbox1CompleteCallback  stm32f4xx_hal_can.o
    0x080011b8   0x080011b8   0x00000002   Code   RO          925    i.HAL_CAN_TxMailbox2AbortCallback  stm32f4xx_hal_can.o
    0x080011ba   0x080011ba   0x00000002   Code   RO          926    i.HAL_CAN_TxMailbox2CompleteCallback  stm32f4xx_hal_can.o
    0x080011bc   0x080011bc   0x00000002   Code   RO          928    i.HAL_CAN_WakeUpFromRxMsgCallback  stm32f4xx_hal_can.o
    0x080011be   0x080011be   0x00000002   PAD
    0x080011c0   0x080011c0   0x00000024   Code   RO         1956    i.HAL_Delay         stm32f4xx_hal.o
    0x080011e4   0x080011e4   0x00000098   Code   RO         1306    i.HAL_FLASHEx_Erase  stm32f4xx_hal_flash_ex.o
    0x0800127c   0x0800127c   0x00000014   Code   RO          187    i.HAL_FLASH_Lock    stm32f4xx_hal_flash.o
    0x08001290   0x08001290   0x0000007c   Code   RO          192    i.HAL_FLASH_Program  stm32f4xx_hal_flash.o
    0x0800130c   0x0800130c   0x0000002c   Code   RO          194    i.HAL_FLASH_Unlock  stm32f4xx_hal_flash.o
    0x08001338   0x08001338   0x00000002   Code   RO         1404    i.HAL_GPIO_EXTI_Callback  stm32f4xx_hal_gpio.o
    0x0800133a   0x0800133a   0x00000002   PAD
    0x0800133c   0x0800133c   0x00000018   Code   RO         1405    i.HAL_GPIO_EXTI_IRQHandler  stm32f4xx_hal_gpio.o
    0x08001354   0x08001354   0x000001dc   Code   RO         1406    i.HAL_GPIO_Init     stm32f4xx_hal_gpio.o
    0x08001530   0x08001530   0x0000000a   Code   RO         1410    i.HAL_GPIO_WritePin  stm32f4xx_hal_gpio.o
    0x0800153a   0x0800153a   0x00000002   PAD
    0x0800153c   0x0800153c   0x0000000c   Code   RO         1962    i.HAL_GetTick       stm32f4xx_hal.o
    0x08001548   0x08001548   0x00000010   Code   RO         1968    i.HAL_IncTick       stm32f4xx_hal.o
    0x08001558   0x08001558   0x00000034   Code   RO         1969    i.HAL_Init          stm32f4xx_hal.o
    0x0800158c   0x0800158c   0x00000040   Code   RO         1970    i.HAL_InitTick      stm32f4xx_hal.o
    0x080015cc   0x080015cc   0x00000030   Code   RO          869    i.HAL_MspInit       stm32f4xx_hal_msp.o
    0x080015fc   0x080015fc   0x0000001a   Code   RO         1819    i.HAL_NVIC_EnableIRQ  stm32f4xx_hal_cortex.o
    0x08001616   0x08001616   0x00000002   PAD
    0x08001618   0x08001618   0x00000040   Code   RO         1825    i.HAL_NVIC_SetPriority  stm32f4xx_hal_cortex.o
    0x08001658   0x08001658   0x00000024   Code   RO         1826    i.HAL_NVIC_SetPriorityGrouping  stm32f4xx_hal_cortex.o
    0x0800167c   0x0800167c   0x00000134   Code   RO         1128    i.HAL_RCC_ClockConfig  stm32f4xx_hal_rcc.o
    0x080017b0   0x080017b0   0x00000060   Code   RO         1137    i.HAL_RCC_GetSysClockFreq  stm32f4xx_hal_rcc.o
    0x08001810   0x08001810   0x00000380   Code   RO         1237    i.HAL_RCC_OscConfig  stm32f4xx_hal_rcc_ex.o
    0x08001b90   0x08001b90   0x00000028   Code   RO         1830    i.HAL_SYSTICK_Config  stm32f4xx_hal_cortex.o
    0x08001bb8   0x08001bb8   0x00000002   Code   RO          776    i.HardFault_Handler  stm32f4xx_it.o
    0x08001bba   0x08001bba   0x00000002   PAD
    0x08001bbc   0x08001bbc   0x00000064   Code   RO          375    i.I2C_SendByte      bsp_oled19264.o
    0x08001c20   0x08001c20   0x00000044   Code   RO          376    i.I2C_Start         bsp_oled19264.o
    0x08001c64   0x08001c64   0x00000048   Code   RO          377    i.I2C_Stop          bsp_oled19264.o
    0x08001cac   0x08001cac   0x00000050   Code   RO          378    i.I2C_WaitAck       bsp_oled19264.o
    0x08001cfc   0x08001cfc   0x0000002c   Code   RO            4    i.JumpToApp         bsp_usermain.o
    0x08001d28   0x08001d28   0x00000044   Code   RO          717    i.MX_CAN1_Init      can.o
    0x08001d6c   0x08001d6c   0x00000044   Code   RO          718    i.MX_CAN2_Init      can.o
    0x08001db0   0x08001db0   0x00000044   Code   RO          719    i.MX_CAN3_Init      can.o
    0x08001df4   0x08001df4   0x000002ac   Code   RO          691    i.MX_GPIO_Init      gpio.o
    0x080020a0   0x080020a0   0x00000020   Code   RO            5    i.MainInit          bsp_usermain.o
    0x080020c0   0x080020c0   0x00000560   Code   RO            6    i.MainWork          bsp_usermain.o
    0x08002620   0x08002620   0x00000002   Code   RO          777    i.MemManage_Handler  stm32f4xx_it.o
    0x08002622   0x08002622   0x00000002   Code   RO          778    i.NMI_Handler       stm32f4xx_it.o
    0x08002624   0x08002624   0x0000000c   Code   RO          379    i.OLED19264_Delay   bsp_oled19264.o
    0x08002630   0x08002630   0x000000a4   Code   RO          380    i.OLED19264_INIT    bsp_oled19264.o
    0x080026d4   0x080026d4   0x0000002e   Code   RO          381    i.OLED19264_WRITE_COMMAND  bsp_oled19264.o
    0x08002702   0x08002702   0x0000002e   Code   RO          382    i.OLED19264_WRITE_DATA  bsp_oled19264.o
    0x08002730   0x08002730   0x0000000c   Code   RO          383    i.OLED_Delay        bsp_oled19264.o
    0x0800273c   0x0800273c   0x00000002   Code   RO          779    i.PendSV_Handler    stm32f4xx_it.o
    0x0800273e   0x0800273e   0x00000002   PAD
    0x08002740   0x08002740   0x00000016   Code   RO            7    i.STMFLASH_Read     bsp_usermain.o
    0x08002756   0x08002756   0x00000002   Code   RO          780    i.SVC_Handler       stm32f4xx_it.o
    0x08002758   0x08002758   0x00000004   Code   RO          781    i.SysTick_Handler   stm32f4xx_it.o
    0x0800275c   0x0800275c   0x00000090   Code   RO          650    i.SystemClock_Config  main.o
    0x080027ec   0x080027ec   0x00000010   Code   RO         2244    i.SystemInit        system_stm32f4xx.o
    0x080027fc   0x080027fc   0x00000020   Code   RO            9    i.TaskEndInit       bsp_usermain.o
    0x0800281c   0x0800281c   0x00000002   Code   RO          782    i.UsageFault_Handler  stm32f4xx_it.o
    0x0800281e   0x0800281e   0x00000020   Code   RO         1832    i.__NVIC_SetPriority  stm32f4xx_hal_cortex.o
    0x0800283e   0x0800283e   0x0000000e   Code   RO         2309    i.__scatterload_copy  mc_w.l(handlers.o)
    0x0800284c   0x0800284c   0x00000002   Code   RO         2310    i.__scatterload_null  mc_w.l(handlers.o)
    0x0800284e   0x0800284e   0x0000000e   Code   RO         2311    i.__scatterload_zeroinit  mc_w.l(handlers.o)
    0x0800285c   0x0800285c   0x00000030   Code   RO          384    i.display_graphic_128x64  bsp_oled19264.o
    0x0800288c   0x0800288c   0x00000034   Code   RO          385    i.display_graphic_16x16_cn  bsp_oled19264.o
    0x080028c0   0x080028c0   0x00000034   Code   RO          386    i.display_graphic_8x16_en  bsp_oled19264.o
    0x080028f4   0x080028f4   0x00000024   Code   RO          388    i.lcd_address       bsp_oled19264.o
    0x08002918   0x08002918   0x00000022   Code   RO          651    i.main              main.o
    0x0800293a   0x0800293a   0x000000c0   Data   RO           12    .constdata          bsp_usermain.o
    0x080029fa   0x080029fa   0x00000010   Data   RO         2245    .constdata          system_stm32f4xx.o
    0x08002a0a   0x08002a0a   0x00000002   PAD
    0x08002a0c   0x08002a0c   0x00000020   Data   RO         2307    Region$$Table       anon$$obj.o


    Execution Region RW_IRAM1 (Exec base: 0x20000000, Load base: 0x08002a2c, Size: 0x00020a28, Max: 0x00050000, ABSOLUTE, COMPRESSED[0x000003a4])

    Exec Addr    Load Addr    Size         Type   Attr      Idx    E Section Name        Object

    0x20000000   COMPRESSED   0x00000054   Data   RW           13    .data               bsp_usermain.o
    0x20000054   COMPRESSED   0x00000470   Data   RW           14    .data               bsp_usermain.o
    0x200004c4   COMPRESSED   0x00000024   Data   RW          308    .data               bsp_ncv7356.o
    0x200004e8   COMPRESSED   0x00000002   Data   RW          309    .data               bsp_ncv7356.o
    0x200004ea   COMPRESSED   0x00000002   PAD
    0x200004ec   COMPRESSED   0x0000000c   Data   RW         1976    .data               stm32f4xx_hal.o
    0x200004f8   COMPRESSED   0x00000004   Data   RW         2247    .data               system_stm32f4xx.o
    0x200004fc        -       0x00000010   Zero   RW           10    .bss                bsp_usermain.o
    0x2000050c        -       0x00020014   Zero   RW           11    .bss                bsp_usermain.o
    0x20020520        -       0x00000020   Zero   RW          195    .bss                stm32f4xx_hal_flash.o
    0x20020540        -       0x0000006c   Zero   RW          305    .bss                bsp_ncv7356.o
    0x200205ac        -       0x00000078   Zero   RW          720    .bss                can.o
    0x20020624   COMPRESSED   0x00000004   PAD
    0x20020628        -       0x00000400   Zero   RW          639    STACK               startup_stm32f413xx.o


==============================================================================

Image component sizes


      Code (inc. data)   RO Data    RW Data    ZI Data      Debug   Object Name

       480         90          0         38        108       4119   bsp_ncv7356.o
      1512         62          0          0          0      11278   bsp_oled19264.o
      1506        230        192       1220     131108     675658   bsp_usermain.o
       488         52          0          0        120       3235   can.o
       684         32          0          0          0       1379   gpio.o
       182          8          0          0          0       2104   main.o
        36          8        472          0       1024        820   startup_stm32f413xx.o
       180         28          0         12          0       9721   stm32f4xx_hal.o
      1588         10          0          0          0      14592   stm32f4xx_hal_can.o
       198         14          0          0          0      34083   stm32f4xx_hal_cortex.o
       540         66          0          0         32       6858   stm32f4xx_hal_flash.o
       356         24          0          0          0       4274   stm32f4xx_hal_flash_ex.o
       512         46          0          0          0       3480   stm32f4xx_hal_gpio.o
        48          6          0          0          0        902   stm32f4xx_hal_msp.o
       404         28          0          0          0       2570   stm32f4xx_hal_rcc.o
       896         22          0          0          0       1996   stm32f4xx_hal_rcc_ex.o
        62         18          0          0          0       6339   stm32f4xx_it.o
        16          4         16          4          0       1199   system_stm32f4xx.o

    ----------------------------------------------------------------------
      9710        748        714       1276     132396     784607   Object Totals
         0          0         32          0          0          0   (incl. Generated)
        22          0          2          2          4          0   (incl. Padding)

    ----------------------------------------------------------------------

      Code (inc. data)   RO Data    RW Data    ZI Data      Debug   Library Member Name

        86          0          0          0          0          0   __dczerorl2.o
         0          0          0          0          0          0   entry.o
         0          0          0          0          0          0   entry10a.o
         0          0          0          0          0          0   entry11a.o
         4          0          0          0          0          0   entry12b.o
         8          4          0          0          0          0   entry2.o
         4          0          0          0          0          0   entry5.o
         0          0          0          0          0          0   entry7b.o
         0          0          0          0          0          0   entry8b.o
         8          4          0          0          0          0   entry9a.o
        30          0          0          0          0          0   handlers.o
        36          8          0          0          0         68   init.o
        30          0          0          0          0         68   llshl.o
        32          0          0          0          0         68   llushr.o
        36          0          0          0          0        108   memseta.o
        98          0          0          0          0         92   uldiv.o

    ----------------------------------------------------------------------
       372         16          0          0          0        404   Library Totals
         0          0          0          0          0          0   (incl. Padding)

    ----------------------------------------------------------------------

      Code (inc. data)   RO Data    RW Data    ZI Data      Debug   Library Name

       372         16          0          0          0        404   mc_w.l

    ----------------------------------------------------------------------
       372         16          0          0          0        404   Library Totals

    ----------------------------------------------------------------------

==============================================================================


      Code (inc. data)   RO Data    RW Data    ZI Data      Debug   

     10082        764        714       1276     132396     776291   Grand Totals
     10082        764        714        932     132396     776291   ELF Image Totals (compressed)
     10082        764        714        932          0          0   ROM Totals

==============================================================================

    Total RO  Size (Code + RO Data)                10796 (  10.54kB)
    Total RW  Size (RW Data + ZI Data)            133672 ( 130.54kB)
    Total ROM Size (Code + RO Data + RW Data)      11728 (  11.45kB)

==============================================================================

